Press enter to play 100 games
Set the GAMES env variable to change how many games to play.
NOTE: If you see no progress being made for an extended period of time, chances are the game got stuck in an infinite loop.
c|-----------------------------|
|        HEARTHSTONE.JS       |
|-----------------------------|

c|-----------------------------|
|        HEARTHSTONE.JS       |
|-----------------------------|

c|-----------------------------|
|        HEARTHSTONE.JS       |
|-----------------------------|

c|-----------------------------|
|        HEARTHSTONE.JS       |
|-----------------------------|

[90mYour side  :                              | Your opponent's side[39m
Mana       : [36m2[39m / [36m2[39m                        | Mana       : [36m0[39m / [36m2[39m
Health     : [31m29[39m ([90m0[39m) / [31m30[39m                  | Health     : [31m30[39m ([90m0[39m) / [31m30[39m
Weapon     : [33mSphere of Sapience[39m[90m [0 / 4][39m
Deck Size  : [33m24[39m                           | Deck Size  : [33m26[39m

--- Board ---
--- Opponent ---
[1] [1m[90mRighteous Protector[39m[22m[92m [1 / 1][39m[90m {Taunt, Divine Shield}[39m
[2] [33mMurgur Murgurgle[39m[92m [2 / 1][39m[90m {Divine Shield}[39m
--- You ---
[90m(None)[39m
-------------

--- Player 1 (Druid)'s Hand ---
([id] [36m{Cost}[39m[1m Name[22m[92m [attack / health][39m[33m (type)[39m)

[1] [36m{4} [39m[1m[95mBranching Paths[39m[22m (Choose Twice - Draw a card; Give your minions +1 Attack; Gain 6 Armor.) [33m(Spell)[39m
[2] [36m{3} [39m[33mBrann Bronzebeard[39m[92m [2 / 4][39m (Your Battlecries trigger twice.) [33m(Minion)[39m
[3] [36m{5} [39m[33mElise the Enlightened[39m[92m [5 / 5][39m (Battlecry: If your deck has no duplicates, duplicate your hand.) [33m(Minion)[39m
------------
c|-----------------------------|
|        HEARTHSTONE.JS       |
|-----------------------------|

[90mYour side  :                              | Your opponent's side[39m
Mana       : [36m2[39m / [36m2[39m                        | Mana       : [36m0[39m / [36m2[39m
Health     : [31m29[39m ([90m0[39m) / [31m30[39m                  | Health     : [31m30[39m ([90m0[39m) / [31m30[39m
Weapon     : [33mSphere of Sapience[39m[90m [0 / 4][39m
Deck Size  : [33m24[39m                           | Deck Size  : [33m26[39m

--- Board ---
--- Opponent ---
[1] [1m[90mRighteous Protector[39m[22m[92m [1 / 1][39m[90m {Taunt, Divine Shield}[39m
[2] [33mMurgur Murgurgle[39m[92m [2 / 1][39m[90m {Divine Shield}[39m
--- You ---
[90m(None)[39m
-------------

--- Player 1 (Druid)'s Hand ---
([id] [36m{Cost}[39m[1m Name[22m[92m [attack / health][39m[33m (type)[39m)

[1] [36m{4} [39m[1m[95mBranching Paths[39m[22m (Choose Twice - Draw a card; Give your minions +1 Attack; Gain 6 Armor.) [33m(Spell)[39m
[2] [36m{3} [39m[33mBrann Bronzebeard[39m[92m [2 / 4][39m (Your Battlecries trigger twice.) [33m(Minion)[39m
[3] [36m{5} [39m[33mElise the Enlightened[39m[92m [5 / 5][39m (Battlecry: If your deck has no duplicates, duplicate your hand.) [33m(Minion)[39m
------------
c|-----------------------------|
|        HEARTHSTONE.JS       |
|-----------------------------|

c|-----------------------------|
|        HEARTHSTONE.JS       |
|-----------------------------|

[90mYour side  :                              | Your opponent's side[39m
Mana       : [36m3[39m / [36m3[39m                        | Mana       : [36m0[39m / [36m3[39m
Health     : [31m27[39m ([90m0[39m) / [31m30[39m                  | Health     : [31m30[39m ([90m0[39m) / [31m30[39m
Weapon     : [33mSphere of Sapience[39m[90m [0 / 3][39m
Deck Size  : [33m23[39m                           | Deck Size  : [33m24[39m

--- Board ---
--- Opponent ---
[1] [1m[90mRighteous Protector[39m[22m[92m [1 / 1][39m[90m {Taunt, Divine Shield}[39m
[2] [33mMurgur Murgurgle[39m[92m [2 / 1][39m[90m {Divine Shield}[39m
[3] [1m[90mAlliance Bannerman[39m[22m[92m [2 / 2][39m
--- You ---
[90m(None)[39m
-------------

--- Player 1 (Druid)'s Hand ---
([id] [36m{Cost}[39m[1m Name[22m[92m [attack / health][39m[33m (type)[39m)

[1] [36m{4} [39m[1m[95mBranching Paths[39m[22m (Choose Twice - Draw a card; Give your minions +1 Attack; Gain 6 Armor.) [33m(Spell)[39m
[2] [36m{3} [39m[33mBrann Bronzebeard[39m[92m [2 / 4][39m (Your Battlecries trigger twice.) [33m(Minion)[39m
[3] [36m{5} [39m[33mElise the Enlightened[39m[92m [5 / 5][39m (Battlecry: If your deck has no duplicates, duplicate your hand.) [33m(Minion)[39m
[4] [36m{7} [39m[1m[90mScale of Onyxia[39m[22m (Fill your board with 2/1 Whelps with Rush.) [33m(Spell)[39m
------------
c|-----------------------------|
|        HEARTHSTONE.JS       |
|-----------------------------|

[90mYour side  :                              | Your opponent's side[39m
Mana       : [36m3[39m / [36m3[39m                        | Mana       : [36m0[39m / [36m3[39m
Health     : [31m27[39m ([90m0[39m) / [31m30[39m                  | Health     : [31m30[39m ([90m0[39m) / [31m30[39m
Weapon     : [33mSphere of Sapience[39m[90m [0 / 3][39m
Deck Size  : [33m23[39m                           | Deck Size  : [33m24[39m

--- Board ---
--- Opponent ---
[1] [1m[90mRighteous Protector[39m[22m[92m [1 / 1][39m[90m {Taunt, Divine Shield}[39m
[2] [33mMurgur Murgurgle[39m[92m [2 / 1][39m[90m {Divine Shield}[39m
[3] [1m[90mAlliance Bannerman[39m[22m[92m [2 / 2][39m
--- You ---
[90m(None)[39m
-------------

--- Player 1 (Druid)'s Hand ---
([id] [36m{Cost}[39m[1m Name[22m[92m [attack / health][39m[33m (type)[39m)

[1] [36m{4} [39m[1m[95mBranching Paths[39m[22m (Choose Twice - Draw a card; Give your minions +1 Attack; Gain 6 Armor.) [33m(Spell)[39m
[2] [36m{3} [39m[33mBrann Bronzebeard[39m[92m [2 / 4][39m (Your Battlecries trigger twice.) [33m(Minion)[39m
[3] [36m{5} [39m[33mElise the Enlightened[39m[92m [5 / 5][39m (Battlecry: If your deck has no duplicates, duplicate your hand.) [33m(Minion)[39m
[4] [36m{7} [39m[1m[90mScale of Onyxia[39m[22m (Fill your board with 2/1 Whelps with Rush.) [33m(Spell)[39m
------------
c|-----------------------------|
|        HEARTHSTONE.JS       |
|-----------------------------|

c|-----------------------------|
|        HEARTHSTONE.JS       |
|-----------------------------|

[90mYour side  :                              | Your opponent's side[39m
Mana       : [36m4[39m / [36m4[39m                        | Mana       : [36m0[39m / [36m4[39m
Health     : [31m22[39m ([90m0[39m) / [31m30[39m                  | Health     : [31m28[39m ([90m0[39m) / [31m30[39m
Weapon     : [33mSphere of Sapience[39m[90m [0 / 2][39m
Deck Size  : [33m22[39m                           | Deck Size  : [33m22[39m

--- Board ---
--- Opponent ---
[1] [1m[90mRighteous Protector[39m[22m[92m [1 / 1][39m[90m {Taunt, Divine Shield}[39m
[2] [33mMurgur Murgurgle[39m[92m [2 / 1][39m[90m {Divine Shield}[39m
[3] [1m[90mAlliance Bannerman[39m[22m[92m [2 / 2][39m
[4] [1m[90mAlliance Bannerman[39m[22m[92m [3 / 3][39m
[5] [1m[34mSanguine Soldier[39m[22m[92m [4 / 3][39m[90m {Divine Shield}[39m
--- You ---
[1] [33mBrann Bronzebeard[39m[92m [2 / 4][39m
-------------

--- Player 1 (Druid)'s Hand ---
([id] [36m{Cost}[39m[1m Name[22m[92m [attack / health][39m[33m (type)[39m)

[1] [36m{4} [39m[1m[95mBranching Paths[39m[22m (Choose Twice - Draw a card; Give your minions +1 Attack; Gain 6 Armor.) [33m(Spell)[39m
[2] [36m{5} [39m[33mElise the Enlightened[39m[92m [5 / 5][39m (Battlecry: If your deck has no duplicates, duplicate your hand.) [33m(Minion)[39m
[3] [36m{7} [39m[1m[90mScale of Onyxia[39m[22m (Fill your board with 2/1 Whelps with Rush.) [33m(Spell)[39m
[4] [36m{7} [39m[33mMutanus the Devourer[39m[92m [4 / 4][39m (Battlecry: Eat a minion in your opponent's hand. Gain its stats.) [33m(Minion)[39m
------------
c|-----------------------------|
|        HEARTHSTONE.JS       |
|-----------------------------|

[90mYour side  :                              | Your opponent's side[39m
Mana       : [36m4[39m / [36m4[39m                        | Mana       : [36m0[39m / [36m4[39m
Health     : [31m22[39m ([90m0[39m) / [31m30[39m                  | Health     : [31m28[39m ([90m0[39m) / [31m30[39m
Weapon     : [33mSphere of Sapience[39m[90m [0 / 2][39m
Deck Size  : [33m22[39m                           | Deck Size  : [33m22[39m

--- Board ---
--- Opponent ---
[1] [1m[90mRighteous Protector[39m[22m[92m [1 / 1][39m[90m {Taunt, Divine Shield}[39m
[2] [33mMurgur Murgurgle[39m[92m [2 / 1][39m[90m {Divine Shield}[39m
[3] [1m[90mAlliance Bannerman[39m[22m[92m [2 / 2][39m
[4] [1m[90mAlliance Bannerman[39m[22m[92m [3 / 3][39m
[5] [1m[34mSanguine Soldier[39m[22m[92m [4 / 3][39m[90m {Divine Shield}[39m
--- You ---
[1] [33mBrann Bronzebeard[39m[92m [2 / 4][39m
-------------

--- Player 1 (Druid)'s Hand ---
([id] [36m{Cost}[39m[1m Name[22m[92m [attack / health][39m[33m (type)[39m)

[1] [36m{4} [39m[1m[95mBranching Paths[39m[22m (Choose Twice - Draw a card; Give your minions +1 Attack; Gain 6 Armor.) [33m(Spell)[39m
[2] [36m{5} [39m[33mElise the Enlightened[39m[92m [5 / 5][39m (Battlecry: If your deck has no duplicates, duplicate your hand.) [33m(Minion)[39m
[3] [36m{7} [39m[1m[90mScale of Onyxia[39m[22m (Fill your board with 2/1 Whelps with Rush.) [33m(Spell)[39m
[4] [36m{7} [39m[33mMutanus the Devourer[39m[92m [4 / 4][39m (Battlecry: Eat a minion in your opponent's hand. Gain its stats.) [33m(Minion)[39m
------------
c|-----------------------------|
|        HEARTHSTONE.JS       |
|-----------------------------|

[90mYour side  :                              | Your opponent's side[39m
Mana       : [36m0[39m / [36m4[39m                        | Mana       : [36m0[39m / [36m4[39m
Health     : [31m22[39m ([90m0[39m) / [31m30[39m                  | Health     : [31m28[39m ([90m0[39m) / [31m30[39m
Weapon     : [33mSphere of Sapience[39m[90m [0 / 1][39m
Deck Size  : [33m22[39m                           | Deck Size  : [33m22[39m

--- Board ---
--- Opponent ---
[1] [1m[90mRighteous Protector[39m[22m[92m [1 / 1][39m[90m {Taunt, Divine Shield}[39m
[2] [33mMurgur Murgurgle[39m[92m [2 / 1][39m[90m {Divine Shield}[39m
[3] [1m[90mAlliance Bannerman[39m[22m[92m [2 / 2][39m
[4] [1m[90mAlliance Bannerman[39m[22m[92m [3 / 3][39m
[5] [1m[34mSanguine Soldier[39m[22m[92m [4 / 3][39m[90m {Divine Shield}[39m
--- You ---
[1] [33mBrann Bronzebeard[39m[92m [2 / 4][39m
-------------

--- Player 1 (Druid)'s Hand ---
([id] [36m{Cost}[39m[1m Name[22m[92m [attack / health][39m[33m (type)[39m)

[1] [36m{5} [39m[33mElise the Enlightened[39m[92m [5 / 5][39m (Battlecry: If your deck has no duplicates, duplicate your hand.) [33m(Minion)[39m
[2] [36m{7} [39m[1m[90mScale of Onyxia[39m[22m (Fill your board with 2/1 Whelps with Rush.) [33m(Spell)[39m
[3] [36m{7} [39m[33mMutanus the Devourer[39m[92m [4 / 4][39m (Battlecry: Eat a minion in your opponent's hand. Gain its stats.) [33m(Minion)[39m
[4] [36m{3} [39m[1m[90mFerocious Howl[39m[22m (Draw a card. Gain 1 Armor for each card in your hand.) [33m(Spell)[39m
------------
c|-----------------------------|
|        HEARTHSTONE.JS       |
|-----------------------------|

c|-----------------------------|
|        HEARTHSTONE.JS       |
|-----------------------------|

[90mYour side  :                              | Your opponent's side[39m
Mana       : [36m5[39m / [36m5[39m                        | Mana       : [36m2[39m / [36m5[39m
Health     : [31m10[39m ([90m0[39m) / [31m30[39m                  | Health     : [31m28[39m ([90m0[39m) / [31m30[39m
Weapon     : [33mSphere of Sapience[39m[90m [0 / 1][39m
Deck Size  : [33m20[39m                           | Deck Size  : [33m21[39m

--- Board ---
--- Opponent ---
[1] [1m[90mRighteous Protector[39m[22m[92m [1 / 1][39m[90m {Taunt, Divine Shield}[39m
[2] [33mMurgur Murgurgle[39m[92m [2 / 1][39m[90m {Divine Shield}[39m
[3] [1m[90mAlliance Bannerman[39m[22m[92m [2 / 2][39m
[4] [1m[90mAlliance Bannerman[39m[22m[92m [3 / 3][39m
[5] [1m[34mSanguine Soldier[39m[22m[92m [4 / 3][39m[90m {Divine Shield}[39m
[6] [1m[90mRighteous Protector[39m[22m[92m [1 / 1][39m[90m {Taunt, Divine Shield}[39m
[7] [1mSilver Hand Recruit[22m[92m [1 / 1][39m
--- You ---
[1] [33mBrann Bronzebeard[39m[92m [2 / 4][39m
-------------

--- Player 1 (Druid)'s Hand ---
([id] [36m{Cost}[39m[1m Name[22m[92m [attack / health][39m[33m (type)[39m)

[1] [36m{5} [39m[33mElise the Enlightened[39m[92m [5 / 5][39m (Battlecry: If your deck has no duplicates, duplicate your hand.) [33m(Minion)[39m
[2] [36m{7} [39m[1m[90mScale of Onyxia[39m[22m (Fill your board with 2/1 Whelps with Rush.) [33m(Spell)[39m
[3] [36m{7} [39m[33mMutanus the Devourer[39m[92m [4 / 4][39m (Battlecry: Eat a minion in your opponent's hand. Gain its stats.) [33m(Minion)[39m
[4] [36m{3} [39m[1m[90mFerocious Howl[39m[22m (Draw a card. Gain 1 Armor for each card in your hand.) [33m(Spell)[39m
[5] [36m{8} [39m[33mAnub'Rekhan[39m[92m [7 / 7][39m (Battlecry: Gain 8 Armor. Your next 3 minions this turn cost Armor instead of Mana.) [33m(Minion)[39m
------------
c|-----------------------------|
|        HEARTHSTONE.JS       |
|-----------------------------|

[90mYour side  :                              | Your opponent's side[39m
Mana       : [36m5[39m / [36m5[39m                        | Mana       : [36m2[39m / [36m5[39m
Health     : [31m10[39m ([90m0[39m) / [31m30[39m                  | Health     : [31m28[39m ([90m0[39m) / [31m30[39m
Weapon     : [33mSphere of Sapience[39m[90m [0 / 1][39m
Deck Size  : [33m20[39m                           | Deck Size  : [33m21[39m

--- Board ---
--- Opponent ---
[1] [1m[90mRighteous Protector[39m[22m[92m [1 / 1][39m[90m {Taunt, Divine Shield}[39m
[2] [33mMurgur Murgurgle[39m[92m [2 / 1][39m[90m {Divine Shield}[39m
[3] [1m[90mAlliance Bannerman[39m[22m[92m [2 / 2][39m
[4] [1m[90mAlliance Bannerman[39m[22m[92m [3 / 3][39m
[5] [1m[34mSanguine Soldier[39m[22m[92m [4 / 3][39m[90m {Divine Shield}[39m
[6] [1m[90mRighteous Protector[39m[22m[92m [1 / 1][39m[90m {Taunt, Divine Shield}[39m
[7] [1mSilver Hand Recruit[22m[92m [1 / 1][39m
--- You ---
[1] [33mBrann Bronzebeard[39m[92m [2 / 4][39m
-------------

--- Player 1 (Druid)'s Hand ---
([id] [36m{Cost}[39m[1m Name[22m[92m [attack / health][39m[33m (type)[39m)

[1] [36m{5} [39m[33mElise the Enlightened[39m[92m [5 / 5][39m (Battlecry: If your deck has no duplicates, duplicate your hand.) [33m(Minion)[39m
[2] [36m{7} [39m[1m[90mScale of Onyxia[39m[22m (Fill your board with 2/1 Whelps with Rush.) [33m(Spell)[39m
[3] [36m{7} [39m[33mMutanus the Devourer[39m[92m [4 / 4][39m (Battlecry: Eat a minion in your opponent's hand. Gain its stats.) [33m(Minion)[39m
[4] [36m{3} [39m[1m[90mFerocious Howl[39m[22m (Draw a card. Gain 1 Armor for each card in your hand.) [33m(Spell)[39m
[5] [36m{8} [39m[33mAnub'Rekhan[39m[92m [7 / 7][39m (Battlecry: Gain 8 Armor. Your next 3 minions this turn cost Armor instead of Mana.) [33m(Minion)[39m
------------
c|-----------------------------|
|        HEARTHSTONE.JS       |
|-----------------------------|

[90mYour side  :                              | Your opponent's side[39m
Mana       : [36m6[39m / [36m8[39m                        | Mana       : [36m6[39m / [36m8[39m
Health     : [31m2[39m ([90m0[39m) / [31m30[39m                   | Health     : [31m28[39m ([90m0[39m) / [31m30[39m
Deck Size  : [33m18[39m                           | Deck Size  : [33m20[39m

--- Board ---
--- Opponent ---
[1] [1m[90mRighteous Protector[39m[22m[92m [1 / 1][39m[90m {Taunt}[39m
[2] [33mMurgur Murgurgle[39m[92m [2 / 1][39m[90m {Divine Shield}[39m
[3] [1m[90mAlliance Bannerman[39m[22m[92m [2 / 2][39m
[4] [1m[90mAlliance Bannerman[39m[22m[92m [3 / 3][39m
[5] [1m[34mSanguine Soldier[39m[22m[92m [4 / 3][39m[90m {Divine Shield}[39m
[6] [1m[90mRighteous Protector[39m[22m[92m [1 / 1][39m[90m {Taunt, Divine Shield}[39m
[7] [1mSilver Hand Recruit[22m[92m [1 / 1][39m
--- You ---
[1] [33mBrann Bronzebeard[39m[92m [2 / 4][39m
-------------

--- Player 1 (Druid)'s Hand ---
([id] [36m{Cost}[39m[1m Name[22m[92m [attack / health][39m[33m (type)[39m)

[1] [36m{5} [39m[33mElise the Enlightened[39m[92m [5 / 5][39m (Battlecry: If your deck has no duplicates, duplicate your hand.) [33m(Minion)[39m
[2] [36m{7} [39m[1m[90mScale of Onyxia[39m[22m (Fill your board with 2/1 Whelps with Rush.) [33m(Spell)[39m
[3] [36m{7} [39m[33mMutanus the Devourer[39m[92m [4 / 4][39m (Battlecry: Eat a minion in your opponent's hand. Gain its stats.) [33m(Minion)[39m
[4] [36m{8} [39m[33mAnub'Rekhan[39m[92m [7 / 7][39m (Battlecry: Gain 8 Armor. Your next 3 minions this turn cost Armor instead of Mana.) [33m(Minion)[39m
[5] [36m{6} [39m[33mReno Jackson[39m[92m [4 / 6][39m (Battlecry: If your deck has no duplicates, fully heal your hero.) [33m(Minion)[39m
------------
c|-----------------------------|
|        HEARTHSTONE.JS       |
|-----------------------------|

AI Info:

AI1 History: {
1 mulligan (T3): (3,(Murgur Murgurgle:4.1, Righteous Protector:3.65, The Leviathan:2.05)),
2 calcMove: (Righteous Protector,3.65),
3 calcMove: (end),
4 calcMove: (Murgur Murgurgle,4.1),
5 calcMove: (attack),
6 attack: (Righteous Protector,Player 1),
7 calcMove: (end),
8 calcMove: (Alliance Bannerman,5.55),
9 calcMove: (attack),
10 attack: (Righteous Protector,Player 1),
11 calcMove: (attack),
12 attack: (Murgur Murgurgle,Player 1),
13 calcMove: (end),
14 calcMove: (Alliance Bannerman,5.95),
15 calcMove: (Sanguine Soldier,2.6500000000000004),
16 calcMove: (attack),
17 attack: (Righteous Protector,Player 1),
18 calcMove: (attack),
19 attack: (Murgur Murgurgle,Player 1),
20 calcMove: (attack),
21 attack: (Alliance Bannerman,Player 1),
22 calcMove: (end),
23 calcMove: (Righteous Protector,3.65),
24 calcMove: (hero power),
25 calcMove: (attack),
26 attack: (Sanguine Soldier,Player 1),
27 calcMove: (attack),
28 attack: (Righteous Protector,Player 1),
29 calcMove: (attack),
30 attack: (Murgur Murgurgle,Player 1),
31 calcMove: (attack),
32 attack: (Alliance Bannerman,Player 1),
33 calcMove: (attack),
34 attack: (Alliance Bannerman,Player 1),
35 calcMove: (end),
36 calcMove: (hero power),
37 calcMove: (attack),
38 attack: (Silver Hand Recruit,Player 1),
39 calcMove: (attack),
40 attack: (Righteous Protector,Player 1),
41 calcMove: (attack),
42 attack: (Sanguine Soldier,Player 1),
43 calcMove: (attack),
44 attack: (Righteous Protector,Player 1),
45 calcMove: (attack),
46 attack: (Murgur Murgurgle,Player 1),
47 calcMove: (attack),
48 attack: (Alliance Bannerman,Player 1),
49 calcMove: (attack),
50 attack: (Alliance Bannerman,Player 1),
51 calcMove: (end),
52 calcMove: (hero power),
53 calcMove: (attack),
54 attack: (Silver Hand Recruit,Player 1),
55 calcMove: (attack),
56 attack: (Righteous Protector,Player 1),
}
AI2 History: {
1 mulligan (T3): (,(Branching Paths:7.300000000000001, Brann Bronzebeard:5.95, Sphere of Sapience:3.05, Floop's Gloop:4.05)),
2 calcMove: (The Coin,4.8),
3 calcMove: (Floop's Gloop,4.05),
4 calcMove: (Sphere of Sapience,3.05),
5 calcMove: (end),
6 yesNoQuestion: (Put Dragonqueen Alexstrasza on the bottom of your deck?,N),
7 calcMove: (hero power),
8 calcMove: (end),
9 yesNoQuestion: (Put Zephrys the Great on the bottom of your deck?,N),
10 calcMove: (Brann Bronzebeard,5.95),
11 calcMove: (end),
12 yesNoQuestion: (Put Dirty Rat on the bottom of your deck?,N),
13 calcMove: (Branching Paths,7.300000000000001),
14 chooseOne: (0,2),
15 chooseOne: (0,2),
16 calcMove: (Aquatic Form,4.8),
17 dredge: (Dragonqueen Alexstrasza,3.4499999999999993),
18 calcMove: (attack),
19 attack: (,Righteous Protector),
20 calcMove: (end),
21 yesNoQuestion: (Put Dragonqueen Alexstrasza on the bottom of your deck?,N),
22 calcMove: (Ferocious Howl,4.55),
23 calcMove: (Biology Project,4.05),
24 calcMove: (hero power),
25 calcMove: (attack),
26 attack: (Player 1,Righteous Protector),
27 calcMove: (attack),
28 attack: (,Righteous Protector),
29 calcMove: (end),
30 calcMove: (Moonlit Guidance,6.3),
31 discover: (Nourish,3.05),
32 calcMove: (Elise the Enlightened,3.25),
33 calcMove: (attack),
34 attack: (,Righteous Protector),
35 calcMove: (end),
}
c|-----------------------------|
|        HEARTHSTONE.JS       |
|-----------------------------|

c|-----------------------------|
|        HEARTHSTONE.JS       |
|-----------------------------|

c|-----------------------------|
|        HEARTHSTONE.JS       |
|-----------------------------|

[90mYour side  :                              | Your opponent's side[39m
Mana       : [36m3[39m / [36m3[39m                        | Mana       : [36m0[39m / [36m3[39m
Health     : [31m30[39m ([90m0[39m) / [31m30[39m                  | Health     : [31m30[39m ([90m4[39m) / [31m30[39m
Deck Size  : [33m25[39m                           | Deck Size  : [33m27[39m

--- Board ---
--- Opponent ---
[90m(None)[39m
--- You ---
[90m(None)[39m
-------------

--- Player 2 (Warrior)'s Hand ---
([id] [36m{Cost}[39m[1m Name[22m[92m [attack / health][39m[33m (type)[39m)

[1] [36m{0} [39m[1m[95mProvoke[39m[22m (Tradeable. Choose a friendly minion. Enemy minions attack it.) [33m(Spell)[39m
[2] [36m{0} [39m[1mThe Coin[22m (Gain 1 Mana Crystal this turn only.) [33m(Spell)[39m
[3] [36m{6} [39m[1m[34mGather Your Party[39m[22m (Recruit a minion.) [33m(Spell)[39m
[4] [36m{4} [39m[1m[95mRancor[39m[22m (Deal 2 damage to all minions. Gain 2 Armor for each destroyed.) [33m(Spell)[39m
[5] [36m{3} [39m[1m[95mBladestorm[39m[22m (Deal 1 damage to all minions. Repeat until one dies.) [33m(Spell)[39m
[6] [36m{9} [39m[33mRattlegore[39m[92m [9 / 9][39m (Deathrattle: Resummon this with -1/-1.) [33m(Minion)[39m
------------
c|-----------------------------|
|        HEARTHSTONE.JS       |
|-----------------------------|

[90mYour side  :                              | Your opponent's side[39m
Mana       : [36m1[39m / [36m5[39m                        | Mana       : [36m0[39m / [36m4[39m
Health     : [31m30[39m ([90m17[39m) / [31m30[39m                 | Health     : [31m30[39m ([90m2[39m) / [31m30[39m
Deck Size  : [33m25[39m                           | Deck Size  : [33m24[39m

--- Board ---
--- You ---
[90m(None)[39m
--- Opponent ---
[1] [1mEmberbound Guard[22m[92m [1 / 2][39m[90m {Taunt}[39m
[2] [1mEmberbound Guard[22m[92m [1 / 2][39m[90m {Taunt}[39m
-------------

--- Player 1 (Druid)'s Hand ---
([id] [36m{Cost}[39m[1m Name[22m[92m [attack / health][39m[33m (type)[39m)

[1] [36m{6} [39m[1m[90mUnending Swarm[39m[22m (Resurrect all friendly minions that costs (2) or less.) [33m(Spell)[39m
------------
c|-----------------------------|
|        HEARTHSTONE.JS       |
|-----------------------------|

c|-----------------------------|
|        HEARTHSTONE.JS       |
|-----------------------------|

[90mYour side  :                              | Your opponent's side[39m
Mana       : [36m10[39m / [36m10[39m                      | Mana       : [36m1[39m / [36m10[39m
Health     : [31m30[39m ([90m23[39m) / [31m30[39m                 | Health     : [31m30[39m ([90m11[39m) / [31m30[39m
Weapon     : [33mSphere of Sapience[39m[90m [0 / 4][39m
Deck Size  : [33m13[39m                           | Deck Size  : [33m16[39m

--- Board ---
--- You ---
[90m(None)[39m
--- Opponent ---
[1] [1mRace Guard[22m[92m [2 / 4][39m[90m {Taunt}[39m
-------------

--- Player 1 (Druid)'s Hand ---
([id] [36m{Cost}[39m[1m Name[22m[92m [attack / health][39m[33m (type)[39m)

------------
c|-----------------------------|
|        HEARTHSTONE.JS       |
|-----------------------------|

[90mYour side  :                              | Your opponent's side[39m
Mana       : [36m10[39m / [36m10[39m                      | Mana       : [36m1[39m / [36m10[39m
Health     : [31m30[39m ([90m23[39m) / [31m30[39m                 | Health     : [31m30[39m ([90m11[39m) / [31m30[39m
Weapon     : [33mSphere of Sapience[39m[90m [0 / 4][39m
Deck Size  : [33m13[39m                           | Deck Size  : [33m16[39m

--- Board ---
--- You ---
[90m(None)[39m
--- Opponent ---
[1] [1mRace Guard[22m[92m [2 / 4][39m[90m {Taunt}[39m
-------------

--- Player 1 (Druid)'s Hand ---
([id] [36m{Cost}[39m[1m Name[22m[92m [attack / health][39m[33m (type)[39m)

------------
c|-----------------------------|
|        HEARTHSTONE.JS       |
|-----------------------------|

c|-----------------------------|
|        HEARTHSTONE.JS       |
|-----------------------------|

[90mYour side  :                              | Your opponent's side[39m
Mana       : [36m10[39m / [36m10[39m                      | Mana       : [36m2[39m / [36m10[39m
Health     : [31m30[39m ([90m22[39m) / [31m30[39m                 | Health     : [31m30[39m ([90m13[39m) / [31m30[39m
Weapon     : [33mSphere of Sapience[39m[90m [0 / 3][39m
Deck Size  : [33m12[39m                           | Deck Size  : [33m15[39m

--- Board ---
--- You ---
[90m(None)[39m
--- Opponent ---
[1] [1mTreant[22m[92m [2 / 2][39m
[2] [1m[34mCowardly Grunt[39m[22m[92m [6 / 2][39m
-------------

--- Player 1 (Druid)'s Hand ---
([id] [36m{Cost}[39m[1m Name[22m[92m [attack / health][39m[33m (type)[39m)

------------
c|-----------------------------|
|        HEARTHSTONE.JS       |
|-----------------------------|

[90mYour side  :                              | Your opponent's side[39m
Mana       : [36m10[39m / [36m10[39m                      | Mana       : [36m2[39m / [36m10[39m
Health     : [31m30[39m ([90m22[39m) / [31m30[39m                 | Health     : [31m30[39m ([90m13[39m) / [31m30[39m
Weapon     : [33mSphere of Sapience[39m[90m [0 / 3][39m
Deck Size  : [33m12[39m                           | Deck Size  : [33m15[39m

--- Board ---
--- You ---
[90m(None)[39m
--- Opponent ---
[1] [1mTreant[22m[92m [2 / 2][39m
[2] [1m[34mCowardly Grunt[39m[22m[92m [6 / 2][39m
-------------

--- Player 1 (Druid)'s Hand ---
([id] [36m{Cost}[39m[1m Name[22m[92m [attack / health][39m[33m (type)[39m)

------------
c|-----------------------------|
|        HEARTHSTONE.JS       |
|-----------------------------|

c|-----------------------------|
|        HEARTHSTONE.JS       |
|-----------------------------|

[90mYour side  :                              | Your opponent's side[39m
Mana       : [36m10[39m / [36m10[39m                      | Mana       : [36m1[39m / [36m10[39m
Health     : [31m30[39m ([90m23[39m) / [31m30[39m                 | Health     : [31m30[39m ([90m13[39m) / [31m30[39m
Weapon     : [33mSphere of Sapience[39m[90m [0 / 2][39m
Deck Size  : [33m11[39m                           | Deck Size  : [33m13[39m

--- Board ---
--- You ---
[90m(None)[39m
--- Opponent ---
[1] [1m[34mCowardly Grunt[39m[22m[92m [6 / 2][39m
[2] [33mRattlegore[39m[92m [9 / 9][39m
-------------

--- Player 1 (Druid)'s Hand ---
([id] [36m{Cost}[39m[1m Name[22m[92m [attack / health][39m[33m (type)[39m)

------------
c|-----------------------------|
|        HEARTHSTONE.JS       |
|-----------------------------|

[90mYour side  :                              | Your opponent's side[39m
Mana       : [36m10[39m / [36m10[39m                      | Mana       : [36m1[39m / [36m10[39m
Health     : [31m30[39m ([90m23[39m) / [31m30[39m                 | Health     : [31m30[39m ([90m13[39m) / [31m30[39m
Weapon     : [33mSphere of Sapience[39m[90m [0 / 2][39m
Deck Size  : [33m11[39m                           | Deck Size  : [33m13[39m

--- Board ---
--- You ---
[90m(None)[39m
--- Opponent ---
[1] [1m[34mCowardly Grunt[39m[22m[92m [6 / 2][39m
[2] [33mRattlegore[39m[92m [9 / 9][39m
-------------

--- Player 1 (Druid)'s Hand ---
([id] [36m{Cost}[39m[1m Name[22m[92m [attack / health][39m[33m (type)[39m)

------------
c|-----------------------------|
|        HEARTHSTONE.JS       |
|-----------------------------|

c|-----------------------------|
|        HEARTHSTONE.JS       |
|-----------------------------|

[90mYour side  :                              | Your opponent's side[39m
Mana       : [36m10[39m / [36m10[39m                      | Mana       : [36m0[39m / [36m10[39m
Health     : [31m30[39m ([90m15[39m) / [31m30[39m                 | Health     : [31m30[39m ([90m23[39m) / [31m30[39m
Weapon     : [33mSphere of Sapience[39m[90m [0 / 1][39m
Deck Size  : [33m10[39m                           | Deck Size  : [33m11[39m

--- Board ---
--- You ---
[90m(None)[39m
--- Opponent ---
[1] [33mRattlegore[39m[92m [9 / 9][39m
[2] [33mRotface[39m[92m [4 / 6][39m
[3] [33mThe Lich King[39m[92m [8 / 8][39m[90m {Taunt}[39m
-------------

--- Player 1 (Druid)'s Hand ---
([id] [36m{Cost}[39m[1m Name[22m[92m [attack / health][39m[33m (type)[39m)

------------
c|-----------------------------|
|        HEARTHSTONE.JS       |
|-----------------------------|

[90mYour side  :                              | Your opponent's side[39m
Mana       : [36m10[39m / [36m10[39m                      | Mana       : [36m0[39m / [36m10[39m
Health     : [31m30[39m ([90m15[39m) / [31m30[39m                 | Health     : [31m30[39m ([90m23[39m) / [31m30[39m
Weapon     : [33mSphere of Sapience[39m[90m [0 / 1][39m
Deck Size  : [33m10[39m                           | Deck Size  : [33m11[39m

--- Board ---
--- You ---
[90m(None)[39m
--- Opponent ---
[1] [33mRattlegore[39m[92m [9 / 9][39m
[2] [33mRotface[39m[92m [4 / 6][39m
[3] [33mThe Lich King[39m[92m [8 / 8][39m[90m {Taunt}[39m
-------------

--- Player 1 (Druid)'s Hand ---
([id] [36m{Cost}[39m[1m Name[22m[92m [attack / health][39m[33m (type)[39m)

------------
c|-----------------------------|
|        HEARTHSTONE.JS       |
|-----------------------------|

[90mYour side  :                              | Your opponent's side[39m
Mana       : [36m4[39m / [36m11[39m                       | Mana       : [36m0[39m / [36m10[39m
Health     : [31m30[39m ([90m20[39m) / [31m30[39m                 | Health     : [31m30[39m ([90m23[39m) / [31m30[39m
Deck Size  : [33m9[39m                            | Deck Size  : [33m11[39m

--- Board ---
--- You ---
[1] [1m[95mElwynn Boar[39m[22m[92m [1 / 1][39m[90m (Sleepy)[39m
--- Opponent ---
[1] [33mRattlegore[39m[92m [9 / 9][39m
[2] [33mRotface[39m[92m [4 / 6][39m
[3] [33mThe Lich King[39m[92m [8 / 8][39m[90m {Taunt}[39m
-------------

--- Player 1 (Wildheart Guff)'s Hand ---
([id] [36m{Cost}[39m[1m Name[22m[92m [attack / health][39m[33m (type)[39m)

------------
c|-----------------------------|
|        HEARTHSTONE.JS       |
|-----------------------------|

[90mYour side  :                              | Your opponent's side[39m
Mana       : [36m0[39m / [36m11[39m                       | Mana       : [36m0[39m / [36m10[39m
Health     : [31m30[39m ([90m20[39m) / [31m30[39m                 | Health     : [31m30[39m ([90m23[39m) / [31m30[39m
Deck Size  : [33m8[39m                            | Deck Size  : [33m11[39m

--- Board ---
--- You ---
[1] [1m[95mElwynn Boar[39m[22m[92m [1 / 1][39m[90m (Sleepy)[39m
--- Opponent ---
[1] [33mRattlegore[39m[92m [9 / 9][39m
[2] [33mRotface[39m[92m [4 / 6][39m
[3] [33mThe Lich King[39m[92m [8 / 8][39m[90m {Taunt}[39m
-------------

--- Player 1 (Wildheart Guff)'s Hand ---
([id] [36m{Cost}[39m[1m Name[22m[92m [attack / health][39m[33m (type)[39m)

------------
c|-----------------------------|
|        HEARTHSTONE.JS       |
|-----------------------------|

[90mYour side  :                              | Your opponent's side[39m
Mana       : [36m10[39m / [36m12[39m                      | Mana       : [36m1[39m / [36m10[39m
Health     : [31m30[39m ([90m20[39m) / [31m30[39m                 | Health     : [31m30[39m ([90m23[39m) / [31m30[39m
Deck Size  : [33m7[39m                            | Deck Size  : [33m7[39m

--- Board ---
--- You ---
[90m(None)[39m
--- Opponent ---
[1] [33mRattlegore[39m[92m [8 / 8][39m
-------------

--- Player 1 (Wildheart Guff)'s Hand ---
([id] [36m{Cost}[39m[1m Name[22m[92m [attack / health][39m[33m (type)[39m)

------------
c|-----------------------------|
|        HEARTHSTONE.JS       |
|-----------------------------|

[90mYour side  :                              | Your opponent's side[39m
Mana       : [36m10[39m / [36m12[39m                      | Mana       : [36m1[39m / [36m10[39m
Health     : [31m30[39m ([90m20[39m) / [31m30[39m                 | Health     : [31m30[39m ([90m23[39m) / [31m30[39m
Deck Size  : [33m7[39m                            | Deck Size  : [33m7[39m

--- Board ---
--- You ---
[90m(None)[39m
--- Opponent ---
[1] [33mRattlegore[39m[92m [8 / 8][39m
-------------

--- Player 1 (Wildheart Guff)'s Hand ---
([id] [36m{Cost}[39m[1m Name[22m[92m [attack / health][39m[33m (type)[39m)

------------
c|-----------------------------|
|        HEARTHSTONE.JS       |
|-----------------------------|

[90mYour side  :                              | Your opponent's side[39m
Mana       : [36m14[39m / [36m15[39m                      | Mana       : [36m6[39m / [36m10[39m
Health     : [31m30[39m ([90m9[39m) / [31m30[39m                  | Health     : [31m30[39m ([90m28[39m) / [31m30[39m
Deck Size  : [33m5[39m                            | Deck Size  : [33m6[39m

--- Board ---
--- You ---
[1] [1m[95mElwynn Boar[39m[22m[92m [1 / 1][39m[90m (Sleepy)[39m
--- Opponent ---
[1] [33mRattlegore[39m[92m [8 / 8][39m
-------------

--- Player 1 (Wildheart Guff)'s Hand ---
([id] [36m{Cost}[39m[1m Name[22m[92m [attack / health][39m[33m (type)[39m)

------------
c|-----------------------------|
|        HEARTHSTONE.JS       |
|-----------------------------|

[90mYour side  :                              | Your opponent's side[39m
Mana       : [36m5[39m / [36m15[39m                       | Mana       : [36m6[39m / [36m10[39m
Health     : [31m30[39m ([90m10[39m) / [31m30[39m                 | Health     : [31m30[39m ([90m28[39m) / [31m30[39m
Deck Size  : [33m3[39m                            | Deck Size  : [33m6[39m

--- Board ---
--- You ---
[1] [1m[95mElwynn Boar[39m[22m[92m [1 / 1][39m[90m (Sleepy)[39m
--- Opponent ---
[1] [33mRattlegore[39m[92m [8 / 8][39m
-------------

--- Player 1 (Wildheart Guff)'s Hand ---
([id] [36m{Cost}[39m[1m Name[22m[92m [attack / health][39m[33m (type)[39m)

------------
c|-----------------------------|
|        HEARTHSTONE.JS       |
|-----------------------------|

[90mYour side  :                              | Your opponent's side[39m
Mana       : [36m12[39m / [36m16[39m                      | Mana       : [36m0[39m / [36m10[39m
Health     : [31m30[39m ([90m10[39m) / [31m30[39m                 | Health     : [31m30[39m ([90m30[39m) / [31m30[39m
Deck Size  : [33m0[39m                            | Deck Size  : [33m5[39m

--- Board ---
--- You ---
[1] [1m[95mWidowbloom Seedsman[39m[22m[92m [3 / 2][39m
[2] [1mEmberbound Guard[22m[92m [1 / 2][39m[90m {Taunt}[39m[90m (Sleepy)[39m
[3] [1mEmberbound Guard[22m[92m [1 / 2][39m[90m {Taunt}[39m[90m (Sleepy)[39m
[4] [1mTreant[22m[92m [2 / 2][39m[90m (Sleepy)[39m
[5] [1m[95mElwynn Boar[39m[22m[92m [1 / 1][39m[90m (Sleepy)[39m
[6] [1m[95mElwynn Boar[39m[22m[92m [1 / 1][39m[90m (Sleepy)[39m
--- Opponent ---
[1] [33mRattlegore[39m[92m [8 / 7][39m
[2] [33mKel'Thuzad[39m[92m [6 / 5][39m
-------------

--- Player 1 (Wildheart Guff)'s Hand ---
([id] [36m{Cost}[39m[1m Name[22m[92m [attack / health][39m[33m (type)[39m)

------------
c|-----------------------------|
|        HEARTHSTONE.JS       |
|-----------------------------|

[90mYour side  :                              | Your opponent's side[39m
Mana       : [36m17[39m / [36m17[39m                      | Mana       : [36m5[39m / [36m10[39m
Health     : [31m30[39m ([90m7[39m) / [31m30[39m                  | Health     : [31m30[39m ([90m32[39m) / [31m30[39m
Deck Size  : [33m0[39m                            | Deck Size  : [33m4[39m

--- Board ---
--- You ---
[1] [1mTreant[22m[92m [2 / 1][39m
--- Opponent ---
[1] [33mRattlegore[39m[92m [8 / 2][39m
[2] [33mKel'Thuzad[39m[92m [6 / 3][39m
-------------

--- Player 1 (Wildheart Guff)'s Hand ---
([id] [36m{Cost}[39m[1m Name[22m[92m [attack / health][39m[33m (type)[39m)

------------
c|-----------------------------|
|        HEARTHSTONE.JS       |
|-----------------------------|

[90mYour side  :                              | Your opponent's side[39m
Mana       : [36m10[39m / [36m10[39m                      | Mana       : [36m15[39m / [36m17[39m
Health     : [31m30[39m ([90m32[39m) / [31m30[39m                 | Health     : [31m30[39m ([90m4[39m) / [31m30[39m
Deck Size  : [33m3[39m                            | Deck Size  : [33m0[39m

--- Board ---
--- Opponent ---
[90m(None)[39m
--- You ---
[1] [33mKel'Thuzad[39m[92m [6 / 3][39m
[2] [33mRattlegore[39m[92m [7 / 7][39m
[3] [33mRattlegore[39m[92m [9 / 9][39m
-------------

--- Player 2 (Warrior)'s Hand ---
([id] [36m{Cost}[39m[1m Name[22m[92m [attack / health][39m[33m (type)[39m)

[1] [36m{0} [39m[1m[95mProvoke[39m[22m (Tradeable. Choose a friendly minion. Enemy minions attack it.) [33m(Spell)[39m
------------
c|-----------------------------|
|        HEARTHSTONE.JS       |
|-----------------------------|

[90mYour side  :                              | Your opponent's side[39m
Mana       : [36m9[39m / [36m10[39m                       | Mana       : [36m15[39m / [36m17[39m
Health     : [31m30[39m ([90m32[39m) / [31m30[39m                 | Health     : [31m30[39m ([90m4[39m) / [31m30[39m
Deck Size  : [33m3[39m                            | Deck Size  : [33m0[39m

--- Board ---
--- Opponent ---
[90m(None)[39m
--- You ---
[1] [33mKel'Thuzad[39m[92m [6 / 3][39m
[2] [33mRattlegore[39m[92m [7 / 7][39m
[3] [33mRattlegore[39m[92m [9 / 9][39m
-------------

--- Player 2 (Warrior)'s Hand ---
([id] [36m{Cost}[39m[1m Name[22m[92m [attack / health][39m[33m (type)[39m)

[1] [36m{0} [39m[1m[95mProvoke[39m[22m (Tradeable. Choose a friendly minion. Enemy minions attack it.) [33m(Spell)[39m
------------
c|-----------------------------|
|        HEARTHSTONE.JS       |
|-----------------------------|

[90mYour side  :                              | Your opponent's side[39m
Mana       : [36m18[39m / [36m18[39m                      | Mana       : [36m6[39m / [36m10[39m
Health     : [31m8[39m ([90m0[39m) / [31m30[39m                   | Health     : [31m30[39m ([90m34[39m) / [31m30[39m
Deck Size  : [33m0[39m                            | Deck Size  : [33m3[39m

--- Board ---
--- You ---
[90m(None)[39m
--- Opponent ---
[1] [33mKel'Thuzad[39m[92m [6 / 3][39m
[2] [33mRattlegore[39m[92m [7 / 7][39m
[3] [33mRattlegore[39m[92m [9 / 9][39m
-------------

--- Player 1 (Wildheart Guff)'s Hand ---
([id] [36m{Cost}[39m[1m Name[22m[92m [attack / health][39m[33m (type)[39m)

------------
c|-----------------------------|
|        HEARTHSTONE.JS       |
|-----------------------------|

[90mYour side  :                              | Your opponent's side[39m
Mana       : [36m10[39m / [36m10[39m                      | Mana       : [36m16[39m / [36m18[39m
Health     : [31m30[39m ([90m34[39m) / [31m30[39m                 | Health     : [31m3[39m ([90m0[39m) / [31m30[39m
Deck Size  : [33m2[39m                            | Deck Size  : [33m0[39m

--- Board ---
--- Opponent ---
[90m(None)[39m
--- You ---
[1] [33mKel'Thuzad[39m[92m [6 / 3][39m
[2] [33mRattlegore[39m[92m [7 / 7][39m
[3] [33mRattlegore[39m[92m [9 / 9][39m
-------------

--- Player 2 (Warrior)'s Hand ---
([id] [36m{Cost}[39m[1m Name[22m[92m [attack / health][39m[33m (type)[39m)

[1] [36m{0} [39m[1m[95mProvoke[39m[22m (Tradeable. Choose a friendly minion. Enemy minions attack it.) [33m(Spell)[39m
[2] [36m{4} [39m[1m[90mBarricade[39m[22m (Summon a 2/4 Guard with Taunt. If it's your only minion, summon another.) [33m(Spell)[39m
------------
c|-----------------------------|
|        HEARTHSTONE.JS       |
|-----------------------------|

AI Info:

AI1 History: {
1 mulligan (T3): (23,(Chitinous Plating:3.3, Poison Seeds:-10.2, Unending Swarm:-2.7)),
2 calcMove: (Biology Project,4.05),
3 calcMove: (Chitinous Plating,3.3),
4 calcMove: (end),
5 calcMove: (Chitinous Plating,3.3),
6 calcMove: (hero power),
7 calcMove: (end),
8 calcMove: (Branching Paths,7.300000000000001),
9 chooseOne: (0,2),
10 chooseOne: (0,2),
11 calcMove: (Floop's Gloop,4.05),
12 calcMove: (end),
13 calcMove: (Ferocious Howl,4.55),
14 calcMove: (Oracle of Elune,1.9500000000000002),
15 calcMove: (end),
16 calcMove: (Lunar Eclipse,-0.7),
17 selectTarget: (Emberbound Guard,2.05),
18 calcMove: (Unending Swarm,-1.2000000000000002),
19 calcMove: (attack),
20 attack: (Oracle of Elune,Emberbound Guard),
21 calcMove: (attack),
22 attack: (Emberbound Guard,Player 2),
23 calcMove: (attack),
24 attack: (Emberbound Guard,Player 2),
25 calcMove: (end),
26 calcMove: (Aquatic Form,4.8),
27 dredge: (Ferocious Howl,4.55),
28 calcMove: (Ferocious Howl,4.55),
29 calcMove: (Widowbloom Seedsman,4),
30 calcMove: (attack),
31 attack: (Emberbound Guard,Flesh Behemoth),
32 calcMove: (attack),
33 attack: (Emberbound Guard,Flesh Behemoth),
34 calcMove: (end),
35 calcMove: (Twig of the World Tree,2.2),
36 calcMove: (Spammy Arcanist,-3.3499999999999996),
37 calcMove: (end),
38 calcMove: (Aquatic Form,4.8),
39 dredge: (Ferocious Howl,4.55),
40 calcMove: (Ferocious Howl,4.55),
41 calcMove: (Sphere of Sapience,3.05),
42 calcMove: (Poison Seeds,-10.2),
43 calcMove: (hero power),
44 calcMove: (end),
45 yesNoQuestion: (Put Branching Paths on the bottom of your deck?,N),
46 calcMove: (Poison Seeds,-10.2),
47 calcMove: (hero power),
48 calcMove: (end),
49 yesNoQuestion: (Put Widowbloom Seedsman on the bottom of your deck?,N),
50 calcMove: (Spammy Arcanist,-3.3499999999999996),
51 calcMove: (hero power),
52 calcMove: (end),
53 yesNoQuestion: (Put Lunar Eclipse on the bottom of your deck?,N),
54 calcMove: (Oracle of Elune,1.9500000000000002),
55 calcMove: (hero power),
56 calcMove: (end),
57 yesNoQuestion: (Put Unending Swarm on the bottom of your deck?,N),
58 calcMove: (Wildheart Guff,8.05),
59 calcMove: (Elwynn Boar,2.65),
60 calcMove: (hero power),
61 chooseOne: (0,2),
62 calcMove: (Moonlit Guidance,6.3),
63 discover: (Moonlit Guidance,6.3),
64 calcMove: (end),
65 calcMove: (Moonlit Guidance,6.3),
66 discover: (Biology Project,4.05),
67 calcMove: (hero power),
68 chooseOne: (0,2),
69 calcMove: (Biology Project,6.05),
70 calcMove: (end),
71 calcMove: (Elwynn Boar,2.65),
72 calcMove: (hero power),
73 chooseOne: (0,2),
74 calcMove: (Ferocious Howl,4.55),
75 calcMove: (Branching Paths,7.300000000000001),
76 chooseOne: (0,2),
77 chooseOne: (0,2),
78 calcMove: (Widowbloom Seedsman,4),
79 calcMove: (end),
80 calcMove: (Lunar Eclipse,-0.7),
81 selectTarget: (Kel'Thuzad,-2.1999999999999997),
82 calcMove: (Unending Swarm,0.30000000000000004),
83 calcMove: (hero power),
84 chooseOne: (0,2),
85 calcMove: (attack),
86 attack: (Widowbloom Seedsman,Rattlegore),
87 calcMove: (end),
88 calcMove: (hero power),
89 chooseOne: (0,2),
90 calcMove: (attack),
91 attack: (Poison Seeds Treant,Rattlegore),
92 calcMove: (end),
93 calcMove: (hero power),
94 chooseOne: (0,2),
95 calcMove: (end),
}
AI2 History: {
1 mulligan (T3): (134,(Cowardly Grunt:0.10000000000000009, Provoke:5.3, Bash:-0.7, Rotface:-4)),
2 calcMove: (Provoke,5.3),
3 yesNoQuestion: (Would you like to trade [1m[95mProvoke[39m[22m for a random card in your deck?,N),
4 calcMove: (The Coin,4.8),
5 calcMove: (Bladestorm,-2.45),
6 calcMove: (end),
7 calcMove: (Embers of Strength,3.3),
8 calcMove: (hero power),
9 calcMove: (end),
10 calcMove: (Frozen Buckler,2.3),
11 calcMove: (hero power),
12 calcMove: (attack),
13 attack: (Emberbound Guard,Player 1),
14 calcMove: (attack),
15 attack: (Emberbound Guard,Player 1),
16 calcMove: (end),
17 calcMove: (Embers of Strength,3.3),
18 calcMove: (Rancor,-11.2),
19 calcMove: (end),
20 calcMove: (Gather Your Party,-2.7),
21 calcMove: (end),
22 calcMove: (Shield Shatter,0.050000000000000044),
23 calcMove: (Rancor,-11.2),
24 calcMove: (hero power),
25 calcMove: (end),
26 calcMove: (Invincible,4),
27 calcMove: (attack),
28 attack: (,Spammy Arcanist),
29 calcMove: (end),
30 calcMove: (Barricade,-0.19999999999999996),
31 calcMove: (Brawl,-10.95),
32 calcMove: (end),
33 calcMove: (Cowardly Grunt,0.10000000000000009),
34 calcMove: (hero power),
35 calcMove: (attack),
36 attack: (Poison Seeds Treant,Player 1),
37 calcMove: (end),
38 calcMove: (Shield Shatter,0.8),
39 calcMove: (Rattlegore,-2.15),
40 calcMove: (end),
41 calcMove: (Frozen Buckler,2.3),
42 calcMove: (Rotface,-4),
43 calcMove: (attack),
44 trade: (Cowardly Grunt,Oracle of Elune),
45 calcMove: (attack),
46 attack: (Rattlegore,Player 1),
47 calcMove: (end),
48 calcMove: (Bash,-0.7),
49 selectTarget: (Elwynn Boar,2.65),
50 calcMove: (The Lich King's Pact,-19.95),
51 calcMove: (hero power),
52 calcMove: (end),
53 calcMove: (Bash,-0.7),
54 selectTarget: (P1),
55 calcMove: (hero power),
56 calcMove: (attack),
57 attack: (Rattlegore,Player 1),
58 calcMove: (end),
59 calcMove: (Kel'Thuzad,-2.1999999999999997),
60 calcMove: (hero power),
61 calcMove: (attack),
62 trade: (Rattlegore,Elwynn Boar),
63 calcMove: (end),
64 calcMove: (Bladestorm,-2.45),
65 calcMove: (hero power),
66 calcMove: (attack),
67 attack: (Rattlegore,Emberbound Guard),
68 calcMove: (attack),
69 attack: (Kel'Thuzad,Emberbound Guard),
70 calcMove: (end),
71 calcMove: (Provoke,5.3),
72 yesNoQuestion: (Would you like to trade [1m[95mProvoke[39m[22m for a random card in your deck?,N),
73 calcMove: (Provoke,5.3),
74 yesNoQuestion: (Would you like to trade [1m[95mProvoke[39m[22m for a random card in your deck?,N),
75 calcMove: (hero power),
76 calcMove: (attack),
77 attack: (Kel'Thuzad,Player 1),
78 calcMove: (attack),
79 attack: (Rattlegore,Player 1),
80 calcMove: (attack),
81 attack: (Rattlegore,Player 1),
82 calcMove: (end),
83 calcMove: (Provoke,5.3),
84 yesNoQuestion: (Would you like to trade [1m[95mProvoke[39m[22m for a random card in your deck?,N),
85 calcMove: (Barricade,-0.19999999999999996),
86 calcMove: (hero power),
87 calcMove: (attack),
88 attack: (Kel'Thuzad,Player 1),
}
c|-----------------------------|
|        HEARTHSTONE.JS       |
|-----------------------------|

c|-----------------------------|
|        HEARTHSTONE.JS       |
|-----------------------------|

c|-----------------------------|
|        HEARTHSTONE.JS       |
|-----------------------------|

[90mYour side  :                              | Your opponent's side[39m
Mana       : [36m1[39m / [36m6[39m                        | Mana       : [36m0[39m / [36m6[39m
Health     : [31m26[39m ([90m0[39m) / [31m30[39m                  | Health     : [31m28[39m ([90m0[39m) / [31m30[39m
Weapon     : [1m[95mSpectral Cutlass[39m[22m[92m [2 / 2][39m
Deck Size  : [33m19[39m                           | Deck Size  : [33m20[39m

--- Board ---
--- Opponent ---
[1] [33mVanndar Stormpike[39m[92m [4 / 1][39m
[2] [1m[34mKhartut Defender[39m[22m[92m [3 / 2][39m[90m {Taunt, Reborn}[39m
--- You ---
[90m(None)[39m
-------------

--- Player 1 (Rogue)'s Hand ---
([id] [36m{Cost}[39m[1m Name[22m[92m [attack / health][39m[33m (type)[39m)

[1] [36m{3} [39m[1m[34mContraband Stash[39m[22m (Replay 5 cards from other classes you've played this game.) [33m(Spell)[39m
[2] [36m{8} [39m[1m[34mShield Shatter[39m[22m (Deal 5 damage to all minions. Costs (1) less for each Armor you have.) [33m(Spell)[39m
[3] [36m{5} [39m[33mFlark's Boom-Zooka[39m (Summon 3 minions from your deck. They attack enemy minions, then die.) [33m(Spell)[39m
------------
c|-----------------------------|
|        HEARTHSTONE.JS       |
|-----------------------------|

[90mYour side  :                              | Your opponent's side[39m
Mana       : [36m0[39m / [36m8[39m                        | Mana       : [36m0[39m / [36m8[39m
Health     : [31m19[39m ([90m0[39m) / [31m30[39m                  | Health     : [31m30[39m ([90m0[39m) / [31m30[39m
Weapon     : [1m[95mSpectral Cutlass[39m[22m[92m [2 / 2][39m
Deck Size  : [33m12[39m                           | Deck Size  : [33m18[39m

--- Board ---
--- Opponent ---
[1] [1m[34mFlesh Behemoth[39m[22m[92m [4 / 4][39m[90m {Taunt}[39m
--- You ---
[90m(None)[39m
-------------

--- Player 1 (Rogue)'s Hand ---
([id] [36m{Cost}[39m[1m Name[22m[92m [attack / health][39m[33m (type)[39m)

[1] [36m{10} [39m[1m[34mShield Shatter[39m[22m (Deal 5 damage to all minions. Costs (1) less for each Armor you have.) [33m(Spell)[39m
[2] [36m{7} [39m[33mFlark's Boom-Zooka[39m (Summon 3 minions from your deck. They attack enemy minions, then die.) [33m(Spell)[39m
[3] [36m{5} [39m[1m[34mContraband Stash[39m[22m (Replay 5 cards from other classes you've played this game.) [33m(Spell)[39m
[4] [36m{7} [39m[33mTess Greymane[39m[92m [7 / 7][39m ([1mB[22m[1ma[22m[1mt[22m[1mt[22m[1ml[22m[1me[22m[1mc[22m[1mr[22m[1my[22m[1m:[22m[0m [0mReplay every card from another class you've played this game.) [33m(Minion)[39m
------------
c|-----------------------------|
|        HEARTHSTONE.JS       |
|-----------------------------|

AI Info:

AI1 History: {
1 mulligan (T3): (23,(Flesh Behemoth:4.65, Sludge Belcher:0.8500000000000001, Eye Beam:-1.4500000000000002)),
2 calcMove: (hero power),
3 calcMove: (end),
4 calcMove: (Immolation Aura,0.30000000000000004),
5 calcMove: (end),
6 calcMove: (Fel Barrage,3.8),
7 calcMove: (hero power),
8 calcMove: (end),
9 calcMove: (Abyssal Depths,2.55),
10 calcMove: (hero power),
11 calcMove: (end),
12 calcMove: (Vanndar Stormpike,2.5999999999999996),
13 calcMove: (hero power),
14 calcMove: (end),
15 calcMove: (Khartut Defender,3.9000000000000004),
16 calcMove: (attack),
17 trade: (Vanndar Stormpike,Cavern Shinyfinder),
18 calcMove: (end),
19 calcMove: (Sludge Belcher,3.1),
20 calcMove: (Feugen,1.4500000000000002),
21 calcMove: (attack),
22 attack: (Vanndar Stormpike,Player 1),
23 calcMove: (attack),
24 attack: (Khartut Defender,Player 1),
25 calcMove: (end),
26 calcMove: (Flesh Behemoth,6.9),
27 calcMove: (Immolation Aura,0.30000000000000004),
28 calcMove: (end),
29 calcMove: (Rotten Applebaum,6.8),
30 calcMove: (Flesh Behemoth,4.65),
31 calcMove: (attack),
32 attack: (Flesh Behemoth,Player 1),
33 calcMove: (end),
34 calcMove: (Sludge Belcher,0.8500000000000001),
35 calcMove: (Felscream Blast,-0.95),
36 selectTarget: (null),
37 calcMove: (Topple the Idol,-3.95),
38 dredge: (Unleash Fel,4.05),
39 calcMove: (attack),
40 attack: (Flesh Behemoth,Player 1),
41 calcMove: (attack),
42 attack: (Flesh Behemoth,Player 1),
43 calcMove: (attack),
44 attack: (Rotten Applebaum,Player 1),
45 calcMove: (end),
46 calcMove: (Unleash Fel,4.05),
47 calcMove: (Felscream Blast,-0.95),
48 selectTarget: (0,1),
49 calcMove: (hero power),
50 calcMove: (attack),
51 attack: (Sludge Belcher,Player 1),
}
AI2 History: {
1 mulligan (T3): (3,(Clever Disguise:4.3, Secret Passage:5.05, Academic Espionage:-0.19999999999999996, Deadly Poison:4.55)),
2 calcMove: (Secret Passage,5.05),
3 calcMove: (end),
4 calcMove: (The Coin,4.8),
5 calcMove: (Deadly Poison,4.55),
6 calcMove: (Clever Disguise,4.3),
7 calcMove: (Preparation,1.8),
8 calcMove: (Conjured Arrow,2.8),
9 selectTarget: (P1),
10 calcMove: (end),
11 calcMove: (Deadly Poison,4.55),
12 calcMove: (Jackpot,4.3),
13 calcMove: (end),
14 calcMove: (Silverleaf Poison,7.55),
15 calcMove: (Deadly Poison,4.55),
16 calcMove: (Defile,-0.7),
17 calcMove: (hero power),
18 calcMove: (end),
19 calcMove: (Silverleaf Poison,7.55),
20 calcMove: (Deadly Poison,4.55),
21 calcMove: (Cavern Shinyfinder,2.3),
22 calcMove: (end),
23 calcMove: (Spectral Cutlass,1.8),
24 calcMove: (Preparation,1.8),
25 calcMove: (Tooth of Nafarian,-0.95),
26 selectTarget: (Khartut Defender,3.9000000000000004),
27 discover: (Command The Elements,8.05),
28 calcMove: (end),
29 calcMove: (Contraband Stash,-1.9500000000000002),
30 selectTarget: (Sludge Belcher,2.3),
31 selectTarget: (Sludge Belcher Slime,1.85),
32 calcMove: (Secret Passage,5.05),
33 calcMove: (Swashburglar,2.65),
34 calcMove: (end),
35 calcMove: (Swindle,3.3),
36 calcMove: (Sunken Gardens,7.05),
37 calcMove: (Spectral Cutlass,1.8),
38 calcMove: (Tooth of Nafarian,-0.95),
39 selectTarget: (Flesh Behemoth,6.5),
40 discover: (Tamsins Phylactery,1.7999999999999998),
41 calcMove: (end),
42 calcMove: (Clever Disguise,4.3),
43 calcMove: (Ice Fishing,4.3),
44 calcMove: (Conjured Arrow,1.3),
45 selectTarget: (Rotten Applebaum,6.8),
46 calcMove: (hero power),
47 calcMove: (end),
48 calcMove: (The Sunwell,4.55),
49 calcMove: (Jackpot,4.3),
50 calcMove: (Grave Digging,2.3),
51 calcMove: (hero power),
52 calcMove: (end),
}
c|-----------------------------|
|        HEARTHSTONE.JS       |
|-----------------------------|

c|-----------------------------|
|        HEARTHSTONE.JS       |
|-----------------------------|

c|-----------------------------|
|        HEARTHSTONE.JS       |
|-----------------------------|

c|-----------------------------|
|        HEARTHSTONE.JS       |
|-----------------------------|

[90mYour side  :                              | Your opponent's side[39m
Mana       : [36m2[39m / [36m2[39m                        | Mana       : [36m1[39m / [36m2[39m
Health     : [31m29[39m ([90m0[39m) / [31m30[39m                  | Health     : [31m28[39m ([90m0[39m) / [31m30[39m
Weapon     : [33mSphere of Sapience[39m[90m [0 / 4][39m
Deck Size  : [33m24[39m                           | Deck Size  : [33m26[39m

--- Board ---
--- Opponent ---
[1] [1m[90mRighteous Protector[39m[22m[92m [1 / 1][39m[90m {Taunt, Divine Shield}[39m
[2] [1m[34mSanguine Soldier[39m[22m[92m [2 / 1][39m[90m {Divine Shield}[39m
--- You ---
[90m(None)[39m
-------------

--- Player 1 (Hunter)'s Hand ---
([id] [36m{Cost}[39m[1m Name[22m[92m [attack / health][39m[33m (type)[39m)

[1] [36m{2} [39m[1m[90mBola Shot[39m[22m (Deal 1 damage to a minion and 2 damage to its neighbors.) [33m(Spell)[39m
[2] [36m{2} [39m[1m[90mBola Shot[39m[22m (Deal 1 damage to a minion and 2 damage to its neighbors.) [33m(Spell)[39m
[3] [36m{7} [39m[33mFlark's Boom-Zooka[39m (Summon 3 minions from your deck. They attack enemy minions, then die.) [33m(Spell)[39m
[4] [36m{3} [39m[1m[34mPetting Zoo[39m[22m (Summon a 3/3 Strider. Repeat for each Secret you control.) [33m(Spell)[39m
------------
c|-----------------------------|
|        HEARTHSTONE.JS       |
|-----------------------------|

[90mYour side  :                              | Your opponent's side[39m
Mana       : [36m2[39m / [36m2[39m                        | Mana       : [36m1[39m / [36m2[39m
Health     : [31m29[39m ([90m0[39m) / [31m30[39m                  | Health     : [31m28[39m ([90m0[39m) / [31m30[39m
Weapon     : [33mSphere of Sapience[39m[90m [0 / 4][39m
Deck Size  : [33m24[39m                           | Deck Size  : [33m26[39m

--- Board ---
--- Opponent ---
[1] [1m[90mRighteous Protector[39m[22m[92m [1 / 1][39m[90m {Taunt, Divine Shield}[39m
[2] [1m[34mSanguine Soldier[39m[22m[92m [2 / 1][39m[90m {Divine Shield}[39m
--- You ---
[90m(None)[39m
-------------

--- Player 1 (Hunter)'s Hand ---
([id] [36m{Cost}[39m[1m Name[22m[92m [attack / health][39m[33m (type)[39m)

[1] [36m{2} [39m[1m[90mBola Shot[39m[22m (Deal 1 damage to a minion and 2 damage to its neighbors.) [33m(Spell)[39m
[2] [36m{2} [39m[1m[90mBola Shot[39m[22m (Deal 1 damage to a minion and 2 damage to its neighbors.) [33m(Spell)[39m
[3] [36m{7} [39m[33mFlark's Boom-Zooka[39m (Summon 3 minions from your deck. They attack enemy minions, then die.) [33m(Spell)[39m
[4] [36m{3} [39m[1m[34mPetting Zoo[39m[22m (Summon a 3/3 Strider. Repeat for each Secret you control.) [33m(Spell)[39m
------------
c|-----------------------------|
|        HEARTHSTONE.JS       |
|-----------------------------|

c|-----------------------------|
|        HEARTHSTONE.JS       |
|-----------------------------|

[90mYour side  :                              | Your opponent's side[39m
Mana       : [36m3[39m / [36m3[39m                        | Mana       : [36m0[39m / [36m3[39m
Health     : [31m26[39m ([90m0[39m) / [31m30[39m                  | Health     : [31m28[39m ([90m0[39m) / [31m30[39m
Weapon     : [33mSphere of Sapience[39m[90m [0 / 3][39m
Deck Size  : [33m22[39m                           | Deck Size  : [33m24[39m

--- Board ---
--- Opponent ---
[1] [1m[90mRighteous Protector[39m[22m[92m [1 / 1][39m[90m {Taunt, Divine Shield}[39m
[2] [1m[34mSanguine Soldier[39m[22m[92m [2 / 1][39m[90m {Divine Shield}[39m
[3] [1m[90mAlliance Bannerman[39m[22m[92m [2 / 2][39m
--- You ---
[90m(None)[39m
-------------

--- Player 1 (Hunter)'s Hand ---
([id] [36m{Cost}[39m[1m Name[22m[92m [attack / health][39m[33m (type)[39m)

[1] [36m{2} [39m[1m[90mBola Shot[39m[22m (Deal 1 damage to a minion and 2 damage to its neighbors.) [33m(Spell)[39m
[2] [36m{2} [39m[1m[90mBola Shot[39m[22m (Deal 1 damage to a minion and 2 damage to its neighbors.) [33m(Spell)[39m
[3] [36m{7} [39m[33mFlark's Boom-Zooka[39m (Summon 3 minions from your deck. They attack enemy minions, then die.) [33m(Spell)[39m
[4] [36m{3} [39m[1m[34mPetting Zoo[39m[22m (Summon a 3/3 Strider. Repeat for each Secret you control.) [33m(Spell)[39m
[5] [36m{1} [39m[1m[90mExplosive Trap[39m[22m (Secret: When your hero is attacked, deal 2 damage to all enemies.) [33m(Spell)[39m
------------
c|-----------------------------|
|        HEARTHSTONE.JS       |
|-----------------------------|

[90mYour side  :                              | Your opponent's side[39m
Mana       : [36m3[39m / [36m3[39m                        | Mana       : [36m0[39m / [36m3[39m
Health     : [31m26[39m ([90m0[39m) / [31m30[39m                  | Health     : [31m28[39m ([90m0[39m) / [31m30[39m
Weapon     : [33mSphere of Sapience[39m[90m [0 / 3][39m
Deck Size  : [33m22[39m                           | Deck Size  : [33m24[39m

--- Board ---
--- Opponent ---
[1] [1m[90mRighteous Protector[39m[22m[92m [1 / 1][39m[90m {Taunt, Divine Shield}[39m
[2] [1m[34mSanguine Soldier[39m[22m[92m [2 / 1][39m[90m {Divine Shield}[39m
[3] [1m[90mAlliance Bannerman[39m[22m[92m [2 / 2][39m
--- You ---
[90m(None)[39m
-------------

--- Player 1 (Hunter)'s Hand ---
([id] [36m{Cost}[39m[1m Name[22m[92m [attack / health][39m[33m (type)[39m)

[1] [36m{2} [39m[1m[90mBola Shot[39m[22m (Deal 1 damage to a minion and 2 damage to its neighbors.) [33m(Spell)[39m
[2] [36m{2} [39m[1m[90mBola Shot[39m[22m (Deal 1 damage to a minion and 2 damage to its neighbors.) [33m(Spell)[39m
[3] [36m{7} [39m[33mFlark's Boom-Zooka[39m (Summon 3 minions from your deck. They attack enemy minions, then die.) [33m(Spell)[39m
[4] [36m{3} [39m[1m[34mPetting Zoo[39m[22m (Summon a 3/3 Strider. Repeat for each Secret you control.) [33m(Spell)[39m
[5] [36m{1} [39m[1m[90mExplosive Trap[39m[22m (Secret: When your hero is attacked, deal 2 damage to all enemies.) [33m(Spell)[39m
------------
c|-----------------------------|
|        HEARTHSTONE.JS       |
|-----------------------------|

c|-----------------------------|
|        HEARTHSTONE.JS       |
|-----------------------------|

[90mYour side  :                              | Your opponent's side[39m
Mana       : [36m4[39m / [36m4[39m                        | Mana       : [36m1[39m / [36m4[39m
Health     : [31m23[39m ([90m0[39m) / [31m30[39m                  | Health     : [31m23[39m ([90m0[39m) / [31m30[39m
Weapon     : [33mSphere of Sapience[39m[90m [0 / 2][39m
Deck Size  : [33m20[39m                           | Deck Size  : [33m23[39m
Secrets: [1mExplosive Trap[22m

--- Board ---
--- Opponent ---
[1] [1m[90mRighteous Protector[39m[22m[92m [1 / 1][39m[90m {Taunt, Divine Shield}[39m
[2] [1m[34mSanguine Soldier[39m[22m[92m [2 / 1][39m
[3] [1m[90mAlliance Bannerman[39m[22m[92m [2 / 2][39m
[4] [1m[90mKnight of the Dead[39m[22m[92m [6 / 6][39m
--- You ---
[90m(None)[39m
-------------

--- Player 1 (Hunter)'s Hand ---
([id] [36m{Cost}[39m[1m Name[22m[92m [attack / health][39m[33m (type)[39m)

[1] [36m{2} [39m[1m[90mBola Shot[39m[22m (Deal 1 damage to a minion and 2 damage to its neighbors.) [33m(Spell)[39m
[2] [36m{2} [39m[1m[90mBola Shot[39m[22m (Deal 1 damage to a minion and 2 damage to its neighbors.) [33m(Spell)[39m
[3] [36m{7} [39m[33mFlark's Boom-Zooka[39m (Summon 3 minions from your deck. They attack enemy minions, then die.) [33m(Spell)[39m
[4] [36m{3} [39m[1m[34mPetting Zoo[39m[22m (Summon a 3/3 Strider. Repeat for each Secret you control.) [33m(Spell)[39m
[5] [36m{1} [39m[1m[34mCat Trick[39m[22m (Secret: After your opponent casts a spell, summon a 4/2 Panther with Stealth.) [33m(Spell)[39m
------------
c|-----------------------------|
|        HEARTHSTONE.JS       |
|-----------------------------|

[90mYour side  :                              | Your opponent's side[39m
Mana       : [36m4[39m / [36m4[39m                        | Mana       : [36m1[39m / [36m4[39m
Health     : [31m23[39m ([90m0[39m) / [31m30[39m                  | Health     : [31m23[39m ([90m0[39m) / [31m30[39m
Weapon     : [33mSphere of Sapience[39m[90m [0 / 2][39m
Deck Size  : [33m20[39m                           | Deck Size  : [33m23[39m
Secrets: [1mExplosive Trap[22m

--- Board ---
--- Opponent ---
[1] [1m[90mRighteous Protector[39m[22m[92m [1 / 1][39m[90m {Taunt, Divine Shield}[39m
[2] [1m[34mSanguine Soldier[39m[22m[92m [2 / 1][39m
[3] [1m[90mAlliance Bannerman[39m[22m[92m [2 / 2][39m
[4] [1m[90mKnight of the Dead[39m[22m[92m [6 / 6][39m
--- You ---
[90m(None)[39m
-------------

--- Player 1 (Hunter)'s Hand ---
([id] [36m{Cost}[39m[1m Name[22m[92m [attack / health][39m[33m (type)[39m)

[1] [36m{2} [39m[1m[90mBola Shot[39m[22m (Deal 1 damage to a minion and 2 damage to its neighbors.) [33m(Spell)[39m
[2] [36m{2} [39m[1m[90mBola Shot[39m[22m (Deal 1 damage to a minion and 2 damage to its neighbors.) [33m(Spell)[39m
[3] [36m{7} [39m[33mFlark's Boom-Zooka[39m (Summon 3 minions from your deck. They attack enemy minions, then die.) [33m(Spell)[39m
[4] [36m{3} [39m[1m[34mPetting Zoo[39m[22m (Summon a 3/3 Strider. Repeat for each Secret you control.) [33m(Spell)[39m
[5] [36m{1} [39m[1m[34mCat Trick[39m[22m (Secret: After your opponent casts a spell, summon a 4/2 Panther with Stealth.) [33m(Spell)[39m
------------
c|-----------------------------|
|        HEARTHSTONE.JS       |
|-----------------------------|

c|-----------------------------|
|        HEARTHSTONE.JS       |
|-----------------------------|

[90mYour side  :                              | Your opponent's side[39m
Mana       : [36m5[39m / [36m5[39m                        | Mana       : [36m0[39m / [36m5[39m
Health     : [31m12[39m ([90m0[39m) / [31m30[39m                  | Health     : [31m23[39m ([90m0[39m) / [31m30[39m
Weapon     : [33mSphere of Sapience[39m[90m [0 / 1][39m
Deck Size  : [33m18[39m                           | Deck Size  : [33m22[39m
Secrets: [1mExplosive Trap[22m, [1mCat Trick[22m

--- Board ---
--- Opponent ---
[1] [1m[90mRighteous Protector[39m[22m[92m [1 / 1][39m[90m {Taunt, Divine Shield}[39m
[2] [1m[34mSanguine Soldier[39m[22m[92m [2 / 1][39m
[3] [1m[90mAlliance Bannerman[39m[22m[92m [2 / 2][39m
[4] [1m[90mKnight of the Dead[39m[22m[92m [6 / 6][39m
[5] [1m[90mLightray[39m[22m[92m [6 / 6][39m[90m {Taunt}[39m
--- You ---
[1] [1mDarkmoon Strider[22m[92m [3 / 3][39m
[2] [1mDarkmoon Strider[22m[92m [3 / 3][39m
[3] [1mDarkmoon Strider[22m[92m [3 / 3][39m
-------------

--- Player 1 (Hunter)'s Hand ---
([id] [36m{Cost}[39m[1m Name[22m[92m [attack / health][39m[33m (type)[39m)

[1] [36m{2} [39m[1m[90mBola Shot[39m[22m (Deal 1 damage to a minion and 2 damage to its neighbors.) [33m(Spell)[39m
[2] [36m{2} [39m[1m[90mBola Shot[39m[22m (Deal 1 damage to a minion and 2 damage to its neighbors.) [33m(Spell)[39m
[3] [36m{7} [39m[33mFlark's Boom-Zooka[39m (Summon 3 minions from your deck. They attack enemy minions, then die.) [33m(Spell)[39m
[4] [36m{1} [39m[1m[90mWound Prey[39m[22m (Deal 1 damage. Summon a 1/1 Hyena with Rush.) [33m(Spell)[39m
[5] [36m{1} [39m[1m[34mCat Trick[39m[22m (Secret: After your opponent casts a spell, summon a 4/2 Panther with Stealth.) [33m(Spell)[39m
------------
c|-----------------------------|
|        HEARTHSTONE.JS       |
|-----------------------------|

[90mYour side  :                              | Your opponent's side[39m
Mana       : [36m5[39m / [36m5[39m                        | Mana       : [36m0[39m / [36m5[39m
Health     : [31m12[39m ([90m0[39m) / [31m30[39m                  | Health     : [31m23[39m ([90m0[39m) / [31m30[39m
Weapon     : [33mSphere of Sapience[39m[90m [0 / 1][39m
Deck Size  : [33m18[39m                           | Deck Size  : [33m22[39m
Secrets: [1mExplosive Trap[22m, [1mCat Trick[22m

--- Board ---
--- Opponent ---
[1] [1m[90mRighteous Protector[39m[22m[92m [1 / 1][39m[90m {Taunt, Divine Shield}[39m
[2] [1m[34mSanguine Soldier[39m[22m[92m [2 / 1][39m
[3] [1m[90mAlliance Bannerman[39m[22m[92m [2 / 2][39m
[4] [1m[90mKnight of the Dead[39m[22m[92m [6 / 6][39m
[5] [1m[90mLightray[39m[22m[92m [6 / 6][39m[90m {Taunt}[39m
--- You ---
[1] [1mDarkmoon Strider[22m[92m [3 / 3][39m
[2] [1mDarkmoon Strider[22m[92m [3 / 3][39m
[3] [1mDarkmoon Strider[22m[92m [3 / 3][39m
-------------

--- Player 1 (Hunter)'s Hand ---
([id] [36m{Cost}[39m[1m Name[22m[92m [attack / health][39m[33m (type)[39m)

[1] [36m{2} [39m[1m[90mBola Shot[39m[22m (Deal 1 damage to a minion and 2 damage to its neighbors.) [33m(Spell)[39m
[2] [36m{2} [39m[1m[90mBola Shot[39m[22m (Deal 1 damage to a minion and 2 damage to its neighbors.) [33m(Spell)[39m
[3] [36m{7} [39m[33mFlark's Boom-Zooka[39m (Summon 3 minions from your deck. They attack enemy minions, then die.) [33m(Spell)[39m
[4] [36m{1} [39m[1m[90mWound Prey[39m[22m (Deal 1 damage. Summon a 1/1 Hyena with Rush.) [33m(Spell)[39m
[5] [36m{1} [39m[1m[34mCat Trick[39m[22m (Secret: After your opponent casts a spell, summon a 4/2 Panther with Stealth.) [33m(Spell)[39m
------------
c|-----------------------------|
|        HEARTHSTONE.JS       |
|-----------------------------|

[90mYour side  :                              | Your opponent's side[39m
Mana       : [36m2[39m / [36m5[39m                        | Mana       : [36m0[39m / [36m5[39m
Health     : [31m12[39m ([90m0[39m) / [31m30[39m                  | Health     : [31m23[39m ([90m0[39m) / [31m30[39m
Deck Size  : [33m18[39m                           | Deck Size  : [33m22[39m
Secrets: [1mExplosive Trap[22m, [1mCat Trick[22m

--- Board ---
--- Opponent ---
[1] [1m[90mRighteous Protector[39m[22m[92m [1 / 1][39m[90m {Taunt, Divine Shield}[39m
[2] [1m[34mSanguine Soldier[39m[22m[92m [2 / 1][39m
[3] [1m[90mAlliance Bannerman[39m[22m[92m [2 / 2][39m
[4] [1m[90mKnight of the Dead[39m[22m[92m [6 / 6][39m
[5] [1m[90mLightray[39m[22m[92m [6 / 6][39m[90m {Taunt}[39m
--- You ---
[1] [1mDarkmoon Strider[22m[92m [3 / 3][39m
[2] [1mDarkmoon Strider[22m[92m [3 / 3][39m
[3] [1mDarkmoon Strider[22m[92m [3 / 3][39m
-------------

--- Player 1 (Hunter)'s Hand ---
([id] [36m{Cost}[39m[1m Name[22m[92m [attack / health][39m[33m (type)[39m)

[1] [36m{2} [39m[1m[90mBola Shot[39m[22m (Deal 1 damage to a minion and 2 damage to its neighbors.) [33m(Spell)[39m
[2] [36m{2} [39m[1m[90mBola Shot[39m[22m (Deal 1 damage to a minion and 2 damage to its neighbors.) [33m(Spell)[39m
[3] [36m{7} [39m[33mFlark's Boom-Zooka[39m (Summon 3 minions from your deck. They attack enemy minions, then die.) [33m(Spell)[39m
[4] [36m{1} [39m[1m[90mWound Prey[39m[22m (Deal 1 damage. Summon a 1/1 Hyena with Rush.) [33m(Spell)[39m
[5] [36m{1} [39m[1m[34mCat Trick[39m[22m (Secret: After your opponent casts a spell, summon a 4/2 Panther with Stealth.) [33m(Spell)[39m
------------
c|-----------------------------|
|        HEARTHSTONE.JS       |
|-----------------------------|

AI Info:

AI1 History: {
1 mulligan (T3): (2,(Knight of the Dead:3.75, Sanguine Soldier:1.85, Righteous Protector:3.65)),
2 calcMove: (Righteous Protector,3.65),
3 calcMove: (end),
4 calcMove: (Sanguine Soldier,1.85),
5 calcMove: (attack),
6 attack: (Righteous Protector,Player 1),
7 calcMove: (end),
8 calcMove: (Alliance Bannerman,5.55),
9 calcMove: (attack),
10 attack: (Sanguine Soldier,Player 1),
11 calcMove: (attack),
12 attack: (Righteous Protector,Player 1),
13 calcMove: (end),
14 calcMove: (Knight of the Dead,4.15),
15 calcMove: (attack),
16 attack: (Sanguine Soldier,Player 1),
17 calcMove: (attack),
18 attack: (Righteous Protector,Player 1),
19 calcMove: (attack),
20 attack: (Alliance Bannerman,Player 1),
21 calcMove: (end),
22 calcMove: (Lightray,3.6500000000000004),
23 calcMove: (attack),
24 attack: (Sanguine Soldier,Player 1),
25 calcMove: (attack),
26 attack: (Righteous Protector,Player 1),
27 calcMove: (attack),
28 attack: (Knight of the Dead,Player 1),
29 calcMove: (attack),
30 attack: (Alliance Bannerman,Player 1),
31 calcMove: (end),
32 calcMove: (Class Action Lawyer,3.5),
33 selectTarget: (Alliance Bannerman,5.35),
34 calcMove: (Redscale Dragontamer,2.9000000000000004),
35 calcMove: (hero power),
36 calcMove: (attack),
37 attack: (Sanguine Soldier,Player 1),
38 calcMove: (attack),
39 attack: (Lightray,Player 1),
40 calcMove: (attack),
41 attack: (Knight of the Dead,Player 1),
}
AI2 History: {
1 mulligan (T3): (1234,(Maxima Blastenheimer:-0.3999999999999999, Petting Zoo:-0.44999999999999996, Zombees:-0.19999999999999996, Grievous Bite:-0.7)),
2 calcMove: (The Coin,4.8),
3 calcMove: (Sphere of Sapience,3.05),
4 calcMove: (end),
5 yesNoQuestion: (Put Conjured Arrow on the bottom of your deck?,N),
6 calcMove: (Dun Baldar Bunker,4.3),
7 calcMove: (end),
8 yesNoQuestion: (Put Wandering Monster on the bottom of your deck?,N),
9 calcMove: (Explosive Trap,4.55),
10 calcMove: (Wandering Monster,-1.2000000000000002),
11 calcMove: (end),
12 yesNoQuestion: (Put Tracking on the bottom of your deck?,N),
13 calcMove: (Cat Trick,0.050000000000000044),
14 calcMove: (Petting Zoo,-0.44999999999999996),
15 calcMove: (end),
16 yesNoQuestion: (Put Rivendare Warrider on the bottom of your deck?,N),
17 calcMove: (Masters Call,3.55),
18 discover: (Rivendare Warrider,0.9000000000000004),
19 calcMove: (Cat Trick,0.050000000000000044),
20 calcMove: (Wound Prey,-0.95),
21 selectTarget: (Alliance Bannerman,5.55),
22 calcMove: (attack),
23 attack: (Darkmoon Strider,Righteous Protector),
24 calcMove: (attack),
25 attack: (Darkmoon Strider,Righteous Protector),
26 calcMove: (attack),
27 attack: (Darkmoon Strider,Lightray),
28 calcMove: (attack),
29 attack: (Swift Hyena,Lightray),
30 calcMove: (end),
}
c|-----------------------------|
|        HEARTHSTONE.JS       |
|-----------------------------|

c|-----------------------------|
|        HEARTHSTONE.JS       |
|-----------------------------|

c|-----------------------------|
|        HEARTHSTONE.JS       |
|-----------------------------|

[90mYour side  :                              | Your opponent's side[39m
Mana       : [36m1[39m / [36m1[39m                        | Mana       : [36m1[39m / [36m1[39m
Health     : [31m30[39m ([90m0[39m) / [31m30[39m                  | Health     : [31m30[39m ([90m0[39m) / [31m30[39m
Deck Size  : [33m25[39m                           | Deck Size  : [33m27[39m

--- Board ---
--- Opponent ---
[90m(None)[39m
--- You ---
[90m(None)[39m
-------------

--- Player 1 (Warrior)'s Hand ---
([id] [36m{Cost}[39m[1m Name[22m[92m [attack / health][39m[33m (type)[39m)

[1] [36m{0} [39m[1mThe Coin[22m (Gain 1 Mana Crystal this turn only.) [33m(Spell)[39m
[2] [36m{0} [39m[1m[95mProvoke[39m[22m (Tradeable. Choose a friendly minion. Enemy minions attack it.) [33m(Spell)[39m
[3] [36m{2} [39m[1m[34mEmbers of Strength[39m[22m (Summon two 1/2 Guards with Taunt. Manathirst (6): Give them +1/+2.) [33m(Spell)[39m
[4] [36m{9} [39m[1m[34mFlesh Behemoth[39m[22m[92m [4 / 8][39m (Taunt. Deathrattle: Draw another Undead and summon a copy of it.) [33m(Minion)[39m
[5] [36m{10} [39m[1m[34mShield Shatter[39m[22m (Deal 5 damage to all minions. Costs (1) less for each Armor you have.) [33m(Spell)[39m
[6] [36m{2} [39m[1m[95mFrozen Buckler[39m[22m (Gain 10 Armor. At the start of your next turn, lose 5 Armor.) [33m(Spell)[39m
------------
c|-----------------------------|
|        HEARTHSTONE.JS       |
|-----------------------------|

[90mYour side  :                              | Your opponent's side[39m
Mana       : [36m6[39m / [36m6[39m                        | Mana       : [36m0[39m / [36m6[39m
Health     : [31m30[39m ([90m10[39m) / [31m30[39m                 | Health     : [31m23[39m ([90m5[39m) / [31m30[39m
Deck Size  : [33m20[39m                           | Deck Size  : [33m20[39m

--- Board ---
--- Opponent ---
[90m(None)[39m
--- You ---
[90m(None)[39m
-------------

--- Player 1 (Warrior)'s Hand ---
([id] [36m{Cost}[39m[1m Name[22m[92m [attack / health][39m[33m (type)[39m)

[1] [36m{9} [39m[1m[34mFlesh Behemoth[39m[22m[92m [4 / 8][39m (Taunt. Deathrattle: Draw another Undead and summon a copy of it.) [33m(Minion)[39m
[2] [36m{8} [39m[33mKel'Thuzad[39m[92m [6 / 8][39m (At the end of each turn, summon all friendly minions that died this turn.) [33m(Minion)[39m
[3] [36m{9} [39m[33mRattlegore[39m[92m [9 / 9][39m (Deathrattle: Resummon this with -1/-1.) [33m(Minion)[39m
[4] [36m{5} [39m[1m[95mBrawl[39m[22m (Destroy all minions except one.) [33m(Spell)[39m
[5] [36m{0} [39m[1m[95mProvoke[39m[22m (Tradeable. Choose a friendly minion. Enemy minions attack it.) [33m(Spell)[39m
------------
c|-----------------------------|
|        HEARTHSTONE.JS       |
|-----------------------------|

[90mYour side  :                              | Your opponent's side[39m
Mana       : [36m3[39m / [36m7[39m                        | Mana       : [36m3[39m / [36m6[39m
Health     : [31m23[39m ([90m5[39m) / [31m30[39m                  | Health     : [31m30[39m ([90m12[39m) / [31m30[39m
Deck Size  : [33m19[39m                           | Deck Size  : [33m20[39m

--- Board ---
--- You ---
[1] [33mDevourer of Souls[39m[92m [1 / 3][39m[90m (Sleepy)[39m
[2] [1m[90mTour Guide[39m[22m[92m [1 / 1][39m[90m (Sleepy)[39m
[3] [1m[90mTour Guide[39m[22m[92m [1 / 1][39m[90m (Sleepy)[39m
--- Opponent ---
[90m(None)[39m
-------------

--- Player 2 (Dreadlich Tamsin)'s Hand ---
([id] [36m{Cost}[39m[1m Name[22m[92m [attack / health][39m[33m (type)[39m)

[1] [36m{4} [39m[1m[90mSelfish Shellfish[39m[22m[92m [7 / 7][39m ([1mD[22m[1me[22m[1ma[22m[1mt[22m[1mh[22m[1mr[22m[1ma[22m[1mt[22m[1mt[22m[1ml[22m[1me[22m[1m:[22m[0m [0mYour opponent draws 2 cards.) [33m(Minion)[39m
[2] [36m{4} [39m[1m[90mSelfish Shellfish[39m[22m[92m [7 / 7][39m ([1mD[22m[1me[22m[1ma[22m[1mt[22m[1mh[22m[1mr[22m[1ma[22m[1mt[22m[1mt[22m[1ml[22m[1me[22m[1m:[22m[0m [0mYour opponent draws 2 cards.) [33m(Minion)[39m
[3] [36m{1} [39m[1m[34mTouch of the Nathrezim[39m[22m (Deal 2 damage to a minion. If it dies, restore 3 Health to your hero.) [33m(Spell)[39m
[4] [36m{1} [39m[1m[34mTouch of the Nathrezim[39m[22m (Deal 2 damage to a minion. If it dies, restore 3 Health to your hero.) [33m(Spell)[39m
[5] [36m{1} [39m[1m[90mGrimoire of Sacrifice[39m[22m (Destroy a friendly minion. Deal 2 damage to all enemy minions.) [33m(Spell)[39m
[6] [36m{1} [39m[1m[90mWicked Shipment[39m[22m ([1mT[22m[1mr[22m[1ma[22m[1md[22m[1me[22m[1ma[22m[1mb[22m[1ml[22m[1me[22m[1m.[22m[0m [0mSummon 2 1/1 Imps. (Upgrades by 2 when [1mT[22m[1mr[22m[1ma[22m[1md[22m[1me[22m[1md[22m[0m![0m)) [33m(Spell)[39m
------------
c|-----------------------------|
|        HEARTHSTONE.JS       |
|-----------------------------|

[90mYour side  :                              | Your opponent's side[39m
Mana       : [36m5[39m / [36m8[39m                        | Mana       : [36m0[39m / [36m7[39m
Health     : [31m23[39m ([90m6[39m) / [31m30[39m                  | Health     : [31m30[39m ([90m18[39m) / [31m30[39m
Deck Size  : [33m13[39m                           | Deck Size  : [33m19[39m

--- Board ---
--- You ---
[1] [33mDevourer of Souls[39m[92m [1 / 3][39m
--- Opponent ---
[90m(None)[39m
-------------

--- Player 2 (Dreadlich Tamsin)'s Hand ---
([id] [36m{Cost}[39m[1m Name[22m[92m [attack / health][39m[33m (type)[39m)

[1] [36m{4} [39m[1m[90mSelfish Shellfish[39m[22m[92m [7 / 7][39m ([1mD[22m[1me[22m[1ma[22m[1mt[22m[1mh[22m[1mr[22m[1ma[22m[1mt[22m[1mt[22m[1ml[22m[1me[22m[1m:[22m[0m [0mYour opponent draws 2 cards.) [33m(Minion)[39m
[2] [36m{4} [39m[1m[90mSelfish Shellfish[39m[22m[92m [7 / 7][39m ([1mD[22m[1me[22m[1ma[22m[1mt[22m[1mh[22m[1mr[22m[1ma[22m[1mt[22m[1mt[22m[1ml[22m[1me[22m[1m:[22m[0m [0mYour opponent draws 2 cards.) [33m(Minion)[39m
[3] [36m{1} [39m[1m[34mTouch of the Nathrezim[39m[22m (Deal 2 damage to a minion. If it dies, restore 3 Health to your hero.) [33m(Spell)[39m
[4] [36m{1} [39m[1m[90mGrimoire of Sacrifice[39m[22m (Destroy a friendly minion. Deal 2 damage to all enemy minions.) [33m(Spell)[39m
[5] [36m{1} [39m[1m[34mTouch of the Nathrezim[39m[22m (Deal 2 damage to a minion. If it dies, restore 3 Health to your hero.) [33m(Spell)[39m
[6] [36m{1} [39m[1m[90mMistress of Mixtures[39m[22m[92m [2 / 2][39m (Deathrattle: Restore 4 Health to each hero.) [33m(Minion)[39m
[7] [36m{1} [39m[1m[90mMistress of Mixtures[39m[22m[92m [2 / 2][39m (Deathrattle: Restore 4 Health to each hero.) [33m(Minion)[39m
[8] [36m{1} [39m[1m[90mWicked Shipment[39m[22m ([1mT[22m[1mr[22m[1ma[22m[1md[22m[1me[22m[1ma[22m[1mb[22m[1ml[22m[1me[22m[1m.[22m[0m [0mSummon 2 1/1 Imps. (Upgrades by 2 when [1mT[22m[1mr[22m[1ma[22m[1md[22m[1me[22m[1md[22m[0m![0m)) [33m(Spell)[39m
------------
c|-----------------------------|
|        HEARTHSTONE.JS       |
|-----------------------------|

[90mYour side  :                              | Your opponent's side[39m
Mana       : [36m9[39m / [36m9[39m                        | Mana       : [36m0[39m / [36m8[39m
Health     : [31m23[39m ([90m4[39m) / [31m30[39m                  | Health     : [31m30[39m ([90m17[39m) / [31m30[39m
Deck Size  : [33m9[39m                            | Deck Size  : [33m18[39m

--- Board ---
--- You ---
[1] [33mDevourer of Souls[39m[92m [1 / 3][39m
[2] [1m[90mMistress of Mixtures[39m[22m[92m [2 / 2][39m
[3] [1m[90mMistress of Mixtures[39m[22m[92m [2 / 2][39m
[4] [1mDread Imp[22m[92m [3 / 3][39m
[5] [1m[90mKobold Librarian[39m[22m[92m [2 / 1][39m
[6] [1mDread Imp[22m[92m [3 / 3][39m[90m (Sleepy)[39m
--- Opponent ---
[1] [33mThe Lich King[39m[92m [8 / 8][39m[90m {Taunt}[39m
-------------

--- Player 2 (Dreadlich Tamsin)'s Hand ---
([id] [36m{Cost}[39m[1m Name[22m[92m [attack / health][39m[33m (type)[39m)

[1] [36m{4} [39m[1m[90mSelfish Shellfish[39m[22m[92m [7 / 7][39m ([1mD[22m[1me[22m[1ma[22m[1mt[22m[1mh[22m[1mr[22m[1ma[22m[1mt[22m[1mt[22m[1ml[22m[1me[22m[1m:[22m[0m [0mYour opponent draws 2 cards.) [33m(Minion)[39m
[2] [36m{4} [39m[1m[90mSelfish Shellfish[39m[22m[92m [7 / 7][39m ([1mD[22m[1me[22m[1ma[22m[1mt[22m[1mh[22m[1mr[22m[1ma[22m[1mt[22m[1mt[22m[1ml[22m[1me[22m[1m:[22m[0m [0mYour opponent draws 2 cards.) [33m(Minion)[39m
[3] [36m{1} [39m[1m[34mTouch of the Nathrezim[39m[22m (Deal 2 damage to a minion. If it dies, restore 3 Health to your hero.) [33m(Spell)[39m
[4] [36m{1} [39m[1m[34mTouch of the Nathrezim[39m[22m (Deal 2 damage to a minion. If it dies, restore 3 Health to your hero.) [33m(Spell)[39m
[5] [36m{2} [39m[1m[90mExplosive Sheep[39m[22m[92m [1 / 1][39m ([1mD[22m[1me[22m[1ma[22m[1mt[22m[1mh[22m[1mr[22m[1ma[22m[1mt[22m[1mt[22m[1ml[22m[1me[22m[1m:[22m[0m [0mDeal 2 damage to all minions.) [33m(Minion)[39m
[6] [36m{1} [39m[1m[90mGrimoire of Sacrifice[39m[22m (Destroy a friendly minion. Deal 2 damage to all enemy minions.) [33m(Spell)[39m
[7] [36m{1} [39m[1m[90mWicked Shipment[39m[22m ([1mT[22m[1mr[22m[1ma[22m[1md[22m[1me[22m[1ma[22m[1mb[22m[1ml[22m[1me[22m[1m.[22m[0m [0mSummon 2 1/1 Imps. (Upgrades by 2 when [1mT[22m[1mr[22m[1ma[22m[1md[22m[1me[22m[1md[22m[0m![0m)) [33m(Spell)[39m
------------
c|-----------------------------|
|        HEARTHSTONE.JS       |
|-----------------------------|

[90mYour side  :                              | Your opponent's side[39m
Mana       : [36m8[39m / [36m9[39m                        | Mana       : [36m0[39m / [36m8[39m
Health     : [31m23[39m ([90m4[39m) / [31m30[39m                  | Health     : [31m30[39m ([90m17[39m) / [31m30[39m
Deck Size  : [33m9[39m                            | Deck Size  : [33m18[39m

--- Board ---
--- You ---
[1] [33mDevourer of Souls[39m[92m [1 / 3][39m
[2] [1m[90mMistress of Mixtures[39m[22m[92m [2 / 2][39m
[3] [1m[90mMistress of Mixtures[39m[22m[92m [2 / 2][39m
[4] [1mDread Imp[22m[92m [3 / 3][39m
[5] [1m[90mKobold Librarian[39m[22m[92m [2 / 1][39m
[6] [1mDread Imp[22m[92m [3 / 3][39m[90m (Sleepy)[39m
--- Opponent ---
[1] [33mThe Lich King[39m[92m [8 / 8][39m[90m {Taunt}[39m
-------------

--- Player 2 (Dreadlich Tamsin)'s Hand ---
([id] [36m{Cost}[39m[1m Name[22m[92m [attack / health][39m[33m (type)[39m)

[1] [36m{4} [39m[1m[90mSelfish Shellfish[39m[22m[92m [7 / 7][39m ([1mD[22m[1me[22m[1ma[22m[1mt[22m[1mh[22m[1mr[22m[1ma[22m[1mt[22m[1mt[22m[1ml[22m[1me[22m[1m:[22m[0m [0mYour opponent draws 2 cards.) [33m(Minion)[39m
[2] [36m{4} [39m[1m[90mSelfish Shellfish[39m[22m[92m [7 / 7][39m ([1mD[22m[1me[22m[1ma[22m[1mt[22m[1mh[22m[1mr[22m[1ma[22m[1mt[22m[1mt[22m[1ml[22m[1me[22m[1m:[22m[0m [0mYour opponent draws 2 cards.) [33m(Minion)[39m
[3] [36m{1} [39m[1m[34mTouch of the Nathrezim[39m[22m (Deal 2 damage to a minion. If it dies, restore 3 Health to your hero.) [33m(Spell)[39m
[4] [36m{1} [39m[1m[34mTouch of the Nathrezim[39m[22m (Deal 2 damage to a minion. If it dies, restore 3 Health to your hero.) [33m(Spell)[39m
[5] [36m{2} [39m[1m[90mExplosive Sheep[39m[22m[92m [1 / 1][39m ([1mD[22m[1me[22m[1ma[22m[1mt[22m[1mh[22m[1mr[22m[1ma[22m[1mt[22m[1mt[22m[1ml[22m[1me[22m[1m:[22m[0m [0mDeal 2 damage to all minions.) [33m(Minion)[39m
[6] [36m{1} [39m[1m[90mGrimoire of Sacrifice[39m[22m (Destroy a friendly minion. Deal 2 damage to all enemy minions.) [33m(Spell)[39m
[7] [36m{1} [39m[1m[90mWicked Shipment[39m[22m ([1mT[22m[1mr[22m[1ma[22m[1md[22m[1me[22m[1ma[22m[1mb[22m[1ml[22m[1me[22m[1m.[22m[0m [0mSummon 2 1/1 Imps. (Upgrades by 2 when [1mT[22m[1mr[22m[1ma[22m[1md[22m[1me[22m[1md[22m[0m![0m)) [33m(Spell)[39m
------------
Card {
  blueprint: {
    name: 'The Lich King',
    stats: [ 8, 8 ],
    desc: 'Taunt. At the end of your turn, add a random Lich King card to your hand.',
    mana: 8,
    tribe: 'Undead',
    class: 'Neutral',
    rarity: 'Legendary',
    set: 'Knights of the Frozen Throne',
    keywords: [ 'Taunt' ],
    id: 122,
    endofturn: [Function: endofturn]
  },
  name: 'The Lich King',
  displayName: 'The Lich King',
  type: 'Minion',
  costType: 'mana',
  keywords: [ 'Taunt' ],
  storage: [],
  turn: 0,
  turnKilled: -1,
  infuse_num: -1,
  frozen_turn: -1,
  spellClass: null,
  attackTimes: 1,
  stealthDuration: 0,
  maxHealth: 8,
  canAttackHero: true,
  sleepy: false,
  stats: [ 8, 1 ],
  desc: 'Taunt. At the end of your turn, add a random Lich King card to your hand.',
  mana: 8,
  tribe: 'Undead',
  class: 'Neutral',
  rarity: 'Legendary',
  set: 'Knights of the Frozen Throne',
  id: 122,
  endofturn: [ [Function: endofturn] ],
  corrupted: false,
  colossal: false,
  dormant: false,
  uncollectible: false,
  frozen: false,
  immune: false,
  echo: false,
  enchantments: [],
  backups: {
    init: {
      blueprint: [Object],
      name: 'The Lich King',
      displayName: 'The Lich King',
      type: 'Minion',
      costType: 'mana',
      keywords: [Array],
      storage: [],
      turn: 0,
      turnKilled: -1,
      infuse_num: -1,
      frozen_turn: -1,
      spellClass: null,
      attackTimes: 1,
      stealthDuration: 0,
      maxHealth: 8,
      canAttackHero: true,
      sleepy: true,
      stats: [Array],
      desc: 'Taunt. At the end of your turn, add a random Lich King card to your hand.',
      mana: 8,
      tribe: 'Undead',
      class: 'Neutral',
      rarity: 'Legendary',
      set: 'Knights of the Frozen Throne',
      id: 122,
      endofturn: [Array],
      corrupted: false,
      colossal: false,
      dormant: false,
      uncollectible: false,
      frozen: false,
      immune: false,
      echo: false,
      enchantments: []
    }
  },
  plr: <ref *1> Player {
    name: 'Player 1',
    id: 1,
    ai: AI {
      history: [Array],
      prevent: [],
      cards_played_this_turn: [],
      focus: null,
      plr: [Circular *1]
    },
    game: Game {
      player1: [Player],
      player2: [Circular *1],
      player: [Player],
      opponent: [Circular *1],
      Card: [class Card],
      Player: [class Player],
      AI: [class AI],
      functions: Functions {},
      stats: [GameStats],
      interact: Interact {},
      config: [Object],
      cards: [Object],
      turns: 17,
      board: [Array],
      graveyard: [Array],
      passives: [Object],
      no_input: true,
      running: true,
      dirname: 'C:\\Users\\Isak Sangedal\\Programming\\Hearthstone.js'
    },
    fatigue: 0,
    deck: [
      [Card], [Card], [Card],
      [Card], [Card], [Card],
      [Card], [Card], [Card],
      [Card], [Card], [Card],
      [Card], [Card], [Card],
      [Card], [Card], [Card]
    ],
    hand: [ [Card], [Card], [Card], [Card], [Card], [Card] ],
    mana: 0,
    maxMana: 8,
    maxMaxMana: 10,
    overload: 0,
    health: 30,
    maxHealth: 30,
    armor: 17,
    hero: Card {
      blueprint: [Object],
      name: 'Warrior Starting Hero',
      displayName: 'Garrosh Hellscream',
      type: 'Hero',
      costType: 'mana',
      keywords: [],
      storage: [],
      turn: 0,
      turnKilled: -1,
      infuse_num: -1,
      frozen_turn: -1,
      spellClass: null,
      attackTimes: 1,
      stealthDuration: 0,
      canAttackHero: true,
      sleepy: true,
      desc: 'Warrior starting hero',
      mana: 0,
      class: 'Warrior',
      rarity: 'Free',
      set: 'Core',
      hpDesc: 'Gain 2 Armor.',
      uncollectible: true,
      id: 103,
      heropower: [Array],
      corrupted: false,
      colossal: false,
      dormant: false,
      frozen: false,
      immune: false,
      echo: false,
      enchantments: [],
      backups: [Object],
      plr: [Circular *1],
      __ids: [Array]
    },
    heroClass: 'Warrior',
    heroPowerCost: 2,
    canUseHeroPower: true,
    weapon: null,
    frozen: false,
    immune: false,
    attack: 0,
    spellDamage: 0,
    counter: [],
    secrets: [],
    sidequests: [],
    quests: [],
    jadeCounter: 0,
    corpses: 2,
    runes: '',
    forceTarget: null
  },
  __ids: [
    311842299531996,  79138639288116, 119167104696338, 428222139058319,
    650881647256477, 440519615680874,  20755540346960, 167435534551610,
    228462408702810, 290746609734602, 545249293909492, 515067535351158,
    181212811863529, 275046408895840, 599910657494264, 586216991265464,
    443462247537502,  76401709052121, 270692096845005, 610787235085658,
    147746726262704, 572408198227266, 110038407417892, 268453390976953,
    643925397911300, 639087760094827,  30992509658312, 448560305915448,
     65330007562667,  97377108618929,  58946275263319, 168856048450583,
    523319518108725, 506723715914499, 444732572534195, 111999767407016,
    663890437348818, 506755649109135,   7111466666661, 334398933467845,
    628918202156432, 109023590233643, 278989533654270, 470427644733592,
    642204081766220, 285465799466274, 213764999229889, 354340050167369,
    121820371255788, 474277280543475, 257596204351160, 621922669847584,
    113877527625248,  65366290891097, 183235240910895, 620796917718456,
    525502460623577, 272282969319107,  62080272276993, 596295865120739,
    122565256308074, 441193360370835, 495951609832764, 503556805408009,
    660231661757981,   4064392187619, 535041145162325,  58135698438081,
    515938596810364, 190060928420543, 596115215408035,  20293320832294,
    155876600561666, 501789480742081, 661044898136506, 116680211044879,
     76833157839705, 302557483901029,   5488375060161, 153319908138688,
     94273143342871, 327951802644322, 208333336622949,  49871820343471,
    587333427202686, 481533684264149, 645081444291320, 200359451160337,
    326636437311396, 390178165425038, 290068534136789, 333712232782349,
     35847819478135, 423743025180465, 275029182338899, 316876257054924,
    236064835458319,  78793796570023, 610154448100111, 220607844899814
  ],
  frenzy: undefined
}
c|-----------------------------|
|        HEARTHSTONE.JS       |
|-----------------------------|

[90mYour side  :                              | Your opponent's side[39m
Mana       : [36m9[39m / [36m9[39m                        | Mana       : [36m1[39m / [36m9[39m
Health     : [31m30[39m ([90m7[39m) / [31m30[39m                  | Health     : [31m26[39m ([90m2[39m) / [31m30[39m
Deck Size  : [33m17[39m                           | Deck Size  : [33m8[39m

--- Board ---
--- Opponent ---
[1] [33mDevourer of Souls[39m[92m [1 / 3][39m
[2] [1m[90mMistress of Mixtures[39m[22m[92m [2 / 2][39m
[3] [1m[90mMistress of Mixtures[39m[22m[92m [2 / 2][39m
[4] [1mDread Imp[22m[92m [3 / 3][39m
[5] [1m[90mKobold Librarian[39m[22m[92m [2 / 1][39m
[6] [1mDread Imp[22m[92m [3 / 3][39m
[7] [1m[90mKobold Librarian[39m[22m[92m [2 / 1][39m
--- You ---
[90m(None)[39m
-------------

--- Player 1 (Warrior)'s Hand ---
([id] [36m{Cost}[39m[1m Name[22m[92m [attack / health][39m[33m (type)[39m)

[1] [36m{9} [39m[1m[34mFlesh Behemoth[39m[22m[92m [4 / 8][39m (Taunt. Deathrattle: Draw another Undead and summon a copy of it.) [33m(Minion)[39m
[2] [36m{8} [39m[33mKel'Thuzad[39m[92m [6 / 8][39m (At the end of each turn, summon all friendly minions that died this turn.) [33m(Minion)[39m
[3] [36m{9} [39m[33mRattlegore[39m[92m [9 / 9][39m (Deathrattle: Resummon this with -1/-1.) [33m(Minion)[39m
[4] [36m{4} [39m[1m[95mRancor[39m[22m (Deal 2 damage to all minions. Gain 2 Armor for each destroyed.) [33m(Spell)[39m
[5] [36m{3} [39m[1m[95mBladestorm[39m[22m (Deal 1 damage to all minions. Repeat until one dies.) [33m(Spell)[39m
[6] [36m{2} [39m[1mDeath Coil[22m (Deal 5 damage to an enemy, or restore 5 Health to a friendly character.) [33m(Spell)[39m
[7] [36m{0} [39m[1m[95mProvoke[39m[22m (Tradeable. Choose a friendly minion. Enemy minions attack it.) [33m(Spell)[39m
------------
c|-----------------------------|
|        HEARTHSTONE.JS       |
|-----------------------------|

[90mYour side  :                              | Your opponent's side[39m
Mana       : [36m7[39m / [36m10[39m                       | Mana       : [36m1[39m / [36m10[39m
Health     : [31m26[39m ([90m3[39m) / [31m30[39m                  | Health     : [31m30[39m ([90m3[39m) / [31m30[39m
Deck Size  : [33m3[39m                            | Deck Size  : [33m16[39m

--- Board ---
--- You ---
[1] [1m[90mMistress of Mixtures[39m[22m[92m [2 / 1][39m
[2] [1m[90mMistress of Mixtures[39m[22m[92m [2 / 1][39m
[3] [1mDread Imp[22m[92m [3 / 2][39m
[4] [1mDread Imp[22m[92m [3 / 2][39m
[5] [1m[34mArmor Vendor[39m[22m[92m [1 / 3][39m
[6] [1m[90mExplosive Sheep[39m[22m[92m [1 / 1][39m
[7] [1m[90mSelfish Shellfish[39m[22m[92m [7 / 7][39m
--- Opponent ---
[1] [1m[34mFlesh Behemoth[39m[22m[92m [4 / 8][39m[90m {Taunt}[39m
-------------

--- Player 2 (Dreadlich Tamsin)'s Hand ---
([id] [36m{Cost}[39m[1m Name[22m[92m [attack / health][39m[33m (type)[39m)

[1] [36m{4} [39m[1m[90mSelfish Shellfish[39m[22m[92m [7 / 7][39m ([1mD[22m[1me[22m[1ma[22m[1mt[22m[1mh[22m[1mr[22m[1ma[22m[1mt[22m[1mt[22m[1ml[22m[1me[22m[1m:[22m[0m [0mYour opponent draws 2 cards.) [33m(Minion)[39m
[2] [36m{2} [39m[1m[34mDefile[39m[22m (Deal 1 damage to all minions. If any die, cast this again.) [33m(Spell)[39m
[3] [36m{1} [39m[1m[90mGrimoire of Sacrifice[39m[22m (Destroy a friendly minion. Deal 2 damage to all enemy minions.) [33m(Spell)[39m
[4] [36m{4} [39m[33mTamsin's Phylactery[39m ([1mD[22m[1mi[22m[1ms[22m[1mc[22m[1mo[22m[1mv[22m[1me[22m[1mr[22m[0m [0ma friendly [1mD[22m[1me[22m[1ma[22m[1mt[22m[1mh[22m[1mr[22m[1ma[22m[1mt[22m[1mt[22m[1ml[22m[1me[22m[0m [0mminion that died this game. Give your minions its [1mD[22m[1me[22m[1ma[22m[1mt[22m[1mh[22m[1mr[22m[1ma[22m[1mt[22m[1mt[22m[1ml[22m[1me[22m[0m.[0m) [33m(Spell)[39m
[5] [36m{1} [39m[1m[90mWicked Shipment[39m[22m ([1mT[22m[1mr[22m[1ma[22m[1md[22m[1me[22m[1ma[22m[1mb[22m[1ml[22m[1me[22m[1m.[22m[0m [0mSummon 2 1/1 Imps. (Upgrades by 2 when [1mT[22m[1mr[22m[1ma[22m[1md[22m[1me[22m[1md[22m[0m![0m)) [33m(Spell)[39m
------------
c|-----------------------------|
|        HEARTHSTONE.JS       |
|-----------------------------|

[90mYour side  :                              | Your opponent's side[39m
Mana       : [36m2[39m / [36m10[39m                       | Mana       : [36m1[39m / [36m10[39m
Health     : [31m26[39m ([90m3[39m) / [31m30[39m                  | Health     : [31m30[39m ([90m3[39m) / [31m30[39m
Deck Size  : [33m2[39m                            | Deck Size  : [33m16[39m

--- Board ---
--- You ---
[1] [1m[90mMistress of Mixtures[39m[22m[92m [2 / 1][39m
[2] [1m[90mMistress of Mixtures[39m[22m[92m [2 / 1][39m
[3] [1mDread Imp[22m[92m [3 / 2][39m
[4] [1mDread Imp[22m[92m [3 / 2][39m
[5] [1m[34mArmor Vendor[39m[22m[92m [1 / 3][39m
[6] [1m[90mExplosive Sheep[39m[22m[92m [1 / 1][39m
[7] [1m[90mSelfish Shellfish[39m[22m[92m [7 / 7][39m
--- Opponent ---
[1] [1m[34mFlesh Behemoth[39m[22m[92m [4 / 8][39m[90m {Taunt}[39m
-------------

--- Player 2 (Dreadlich Tamsin)'s Hand ---
([id] [36m{Cost}[39m[1m Name[22m[92m [attack / health][39m[33m (type)[39m)

[1] [36m{4} [39m[1m[90mSelfish Shellfish[39m[22m[92m [7 / 7][39m ([1mD[22m[1me[22m[1ma[22m[1mt[22m[1mh[22m[1mr[22m[1ma[22m[1mt[22m[1mt[22m[1ml[22m[1me[22m[1m:[22m[0m [0mYour opponent draws 2 cards.) [33m(Minion)[39m
[2] [36m{2} [39m[1m[34mDefile[39m[22m (Deal 1 damage to all minions. If any die, cast this again.) [33m(Spell)[39m
[3] [36m{1} [39m[1m[90mGrimoire of Sacrifice[39m[22m (Destroy a friendly minion. Deal 2 damage to all enemy minions.) [33m(Spell)[39m
[4] [36m{2} [39m[1m[90mDrain Soul[39m[22m ([1mL[22m[1mi[22m[1mf[22m[1me[22m[1ms[22m[1mt[22m[1me[22m[1ma[22m[1ml[22m[1m.[22m[0m [0mDeal 3 damage to a minion.) [33m(Spell)[39m
------------
c|-----------------------------|
|        HEARTHSTONE.JS       |
|-----------------------------|

[90mYour side  :                              | Your opponent's side[39m
Mana       : [36m10[39m / [36m10[39m                      | Mana       : [36m1[39m / [36m10[39m
Health     : [31m28[39m ([90m0[39m) / [31m30[39m                  | Health     : [31m30[39m ([90m3[39m) / [31m30[39m
Deck Size  : [33m1[39m                            | Deck Size  : [33m12[39m

--- Board ---
--- You ---
[90m(None)[39m
--- Opponent ---
[1] [33mInvincible[39m[92m [5 / 3][39m[90m {Reborn}[39m
[2] [1m[34mFlesh Behemoth[39m[22m[92m [4 / 8][39m[90m {Taunt}[39m
-------------

--- Player 2 (Dreadlich Tamsin)'s Hand ---
([id] [36m{Cost}[39m[1m Name[22m[92m [attack / health][39m[33m (type)[39m)

[1] [36m{4} [39m[1m[90mSelfish Shellfish[39m[22m[92m [7 / 7][39m ([1mD[22m[1me[22m[1ma[22m[1mt[22m[1mh[22m[1mr[22m[1ma[22m[1mt[22m[1mt[22m[1ml[22m[1me[22m[1m:[22m[0m [0mYour opponent draws 2 cards.) [33m(Minion)[39m
[2] [36m{1} [39m[1m[90mGrimoire of Sacrifice[39m[22m (Destroy a friendly minion. Deal 2 damage to all enemy minions.) [33m(Spell)[39m
[3] [36m{2} [39m[1m[90mDrain Soul[39m[22m ([1mL[22m[1mi[22m[1mf[22m[1me[22m[1ms[22m[1mt[22m[1me[22m[1ma[22m[1ml[22m[1m.[22m[0m [0mDeal 3 damage to a minion.) [33m(Spell)[39m
[4] [36m{1} [39m[1m[90mWicked Shipment[39m[22m ([1mT[22m[1mr[22m[1ma[22m[1md[22m[1me[22m[1ma[22m[1mb[22m[1ml[22m[1me[22m[1m.[22m[0m [0mSummon 2 1/1 Imps. (Upgrades by 2 when [1mT[22m[1mr[22m[1ma[22m[1md[22m[1me[22m[1md[22m[0m![0m)) [33m(Spell)[39m
------------
c|-----------------------------|
|        HEARTHSTONE.JS       |
|-----------------------------|

[90mYour side  :                              | Your opponent's side[39m
Mana       : [36m9[39m / [36m10[39m                       | Mana       : [36m1[39m / [36m10[39m
Health     : [31m28[39m ([90m0[39m) / [31m30[39m                  | Health     : [31m30[39m ([90m3[39m) / [31m30[39m
Deck Size  : [33m1[39m                            | Deck Size  : [33m12[39m

--- Board ---
--- You ---
[90m(None)[39m
--- Opponent ---
[1] [33mInvincible[39m[92m [5 / 3][39m[90m {Reborn}[39m
[2] [1m[34mFlesh Behemoth[39m[22m[92m [4 / 8][39m[90m {Taunt}[39m
-------------

--- Player 2 (Dreadlich Tamsin)'s Hand ---
([id] [36m{Cost}[39m[1m Name[22m[92m [attack / health][39m[33m (type)[39m)

[1] [36m{4} [39m[1m[90mSelfish Shellfish[39m[22m[92m [7 / 7][39m ([1mD[22m[1me[22m[1ma[22m[1mt[22m[1mh[22m[1mr[22m[1ma[22m[1mt[22m[1mt[22m[1ml[22m[1me[22m[1m:[22m[0m [0mYour opponent draws 2 cards.) [33m(Minion)[39m
[2] [36m{1} [39m[1m[90mGrimoire of Sacrifice[39m[22m (Destroy a friendly minion. Deal 2 damage to all enemy minions.) [33m(Spell)[39m
[3] [36m{2} [39m[1m[90mDrain Soul[39m[22m ([1mL[22m[1mi[22m[1mf[22m[1me[22m[1ms[22m[1mt[22m[1me[22m[1ma[22m[1ml[22m[1m.[22m[0m [0mDeal 3 damage to a minion.) [33m(Spell)[39m
[4] [36m{1} [39m[1m[90mWicked Shipment[39m[22m ([1mT[22m[1mr[22m[1ma[22m[1md[22m[1me[22m[1ma[22m[1mb[22m[1ml[22m[1me[22m[1m.[22m[0m [0mSummon 2 1/1 Imps. (Upgrades by 2 when [1mT[22m[1mr[22m[1ma[22m[1md[22m[1me[22m[1md[22m[0m![0m)) [33m(Spell)[39m
------------
Card {
  blueprint: {
    name: 'Flesh Behemoth',
    stats: [ 4, 8 ],
    desc: 'Taunt. Deathrattle: Draw another Undead and summon a copy of it.',
    mana: 9,
    tribe: 'Undead',
    class: 'Neutral',
    rarity: 'Rare',
    set: 'March of the Lich King',
    keywords: [ 'Taunt' ],
    id: 132,
    deathrattle: [Function: deathrattle]
  },
  name: 'Flesh Behemoth',
  displayName: 'Flesh Behemoth',
  type: 'Minion',
  costType: 'mana',
  keywords: [ 'Taunt' ],
  storage: [],
  turn: 0,
  turnKilled: -1,
  infuse_num: -1,
  frozen_turn: -1,
  spellClass: null,
  attackTimes: 1,
  stealthDuration: 0,
  maxHealth: 8,
  canAttackHero: true,
  sleepy: false,
  stats: [ 4, 5 ],
  desc: 'Taunt. Deathrattle: Draw another Undead and summon a copy of it.',
  mana: 9,
  tribe: 'Undead',
  class: 'Neutral',
  rarity: 'Rare',
  set: 'March of the Lich King',
  id: 132,
  deathrattle: [ [Function: deathrattle] ],
  corrupted: false,
  colossal: false,
  dormant: false,
  uncollectible: false,
  frozen: false,
  immune: false,
  echo: false,
  enchantments: [],
  backups: {
    init: {
      blueprint: [Object],
      name: 'Flesh Behemoth',
      displayName: 'Flesh Behemoth',
      type: 'Minion',
      costType: 'mana',
      keywords: [Array],
      storage: [],
      turn: 0,
      turnKilled: -1,
      infuse_num: -1,
      frozen_turn: -1,
      spellClass: null,
      attackTimes: 1,
      stealthDuration: 0,
      maxHealth: 8,
      canAttackHero: true,
      sleepy: true,
      stats: [Array],
      desc: 'Taunt. Deathrattle: Draw another Undead and summon a copy of it.',
      mana: 9,
      tribe: 'Undead',
      class: 'Neutral',
      rarity: 'Rare',
      set: 'March of the Lich King',
      id: 132,
      deathrattle: [Array],
      corrupted: false,
      colossal: false,
      dormant: false,
      uncollectible: false,
      frozen: false,
      immune: false,
      echo: false,
      enchantments: []
    }
  },
  plr: <ref *1> Player {
    name: 'Player 1',
    id: 1,
    ai: AI {
      history: [Array],
      prevent: [],
      cards_played_this_turn: [],
      focus: null,
      plr: [Circular *1]
    },
    game: Game {
      player1: [Player],
      player2: [Circular *1],
      player: [Player],
      opponent: [Circular *1],
      Card: [class Card],
      Player: [class Player],
      AI: [class AI],
      functions: Functions {},
      stats: [GameStats],
      interact: Interact {},
      config: [Object],
      cards: [Object],
      turns: 23,
      board: [Array],
      graveyard: [Array],
      passives: [Object],
      no_input: true,
      running: true,
      dirname: 'C:\\Users\\Isak Sangedal\\Programming\\Hearthstone.js'
    },
    fatigue: 0,
    deck: [
      [Card], [Card],
      [Card], [Card],
      [Card], [Card],
      [Card], [Card],
      [Card], [Card],
      [Card], [Card]
    ],
    hand: [
      [Card], [Card],
      [Card], [Card],
      [Card], [Card],
      [Card], [Card]
    ],
    mana: 1,
    maxMana: 10,
    maxMaxMana: 10,
    overload: 0,
    health: 30,
    maxHealth: 30,
    armor: 3,
    hero: Card {
      blueprint: [Object],
      name: 'Warrior Starting Hero',
      displayName: 'Garrosh Hellscream',
      type: 'Hero',
      costType: 'mana',
      keywords: [],
      storage: [],
      turn: 0,
      turnKilled: -1,
      infuse_num: -1,
      frozen_turn: -1,
      spellClass: null,
      attackTimes: 1,
      stealthDuration: 0,
      canAttackHero: true,
      sleepy: true,
      desc: 'Warrior starting hero',
      mana: 0,
      class: 'Warrior',
      rarity: 'Free',
      set: 'Core',
      hpDesc: 'Gain 2 Armor.',
      uncollectible: true,
      id: 103,
      heropower: [Array],
      corrupted: false,
      colossal: false,
      dormant: false,
      frozen: false,
      immune: false,
      echo: false,
      enchantments: [],
      backups: [Object],
      plr: [Circular *1],
      __ids: [Array]
    },
    heroClass: 'Warrior',
    heroPowerCost: 2,
    canUseHeroPower: true,
    weapon: null,
    frozen: false,
    immune: false,
    attack: 0,
    spellDamage: 0,
    counter: [],
    secrets: [],
    sidequests: [],
    quests: [],
    jadeCounter: 0,
    corpses: 4,
    runes: '',
    forceTarget: null
  },
  __ids: [
    362282497982235, 296236042643952, 315157052227837, 127146350028142,
    203403562745234, 240402154470331, 199588397634672, 393075660053377,
     67106770384158, 639117956361057,  86918097125830, 320733402554411,
    526784963127252, 540056695289324, 168794379928629, 546282794178718,
    522859175533647, 607864136609805, 625633975905425, 315883124674647,
    303653938116743, 337269119311749, 571170400821454,   3396130987277,
    323697444803189, 548797667611513, 662888825187418,  64000878743397,
    319511205308676, 478746384641296, 430514861604865, 296395360817199,
    286361213517449, 466774173957268, 222424712624679, 582807748866292,
      5421525367359, 671497571660235, 460401427762232,  34177092280089,
    101644051219886, 411560394632915, 489052971070907, 373593758100800,
    532750076710048, 213477776948365, 639651858424731, 601282702261590,
    203262905955176, 600620361983340, 299749465087631, 208448540694655,
    447752257719587, 131607198508799, 148409140801847, 530601689909577,
    604150725806630,  65968794602010, 519978278893895, 622866776243078,
    578645351370673, 397785408628530,  32915817446223, 566402703383558,
    445921677981579,  59163925536964, 580013466527044, 109435725043860,
    649912599982701, 379198413311554, 451625756400573, 537084519648355,
    425054331939893,  47156264437878, 197254476960438, 497412466777576,
    442296326879978, 225409152105424, 146199212803375, 600408193667373,
    119688820921532, 349751905093288, 519307502450903, 338791913946318,
    200327901747111, 599256993199834, 393681691119427, 375048822487799,
     64719893617877, 138594279641654, 301033033610715, 656322368561218,
    103087332537336, 256255808207039, 218064686901909,  38014372917176,
    539885670510733, 641541983071177, 460061069896058, 307094823636886
  ],
  frenzy: undefined
}
c|-----------------------------|
|        HEARTHSTONE.JS       |
|-----------------------------|

[90mYour side  :                              | Your opponent's side[39m
Mana       : [36m10[39m / [36m10[39m                      | Mana       : [36m0[39m / [36m10[39m
Health     : [31m15[39m ([90m0[39m) / [31m30[39m                  | Health     : [31m30[39m ([90m5[39m) / [31m30[39m
Deck Size  : [33m0[39m                            | Deck Size  : [33m11[39m

--- Board ---
--- You ---
[1] [1m[90mSelfish Shellfish[39m[22m[92m [7 / 2][39m
--- Opponent ---
[1] [33mInvincible[39m[92m [15 / 6][39m[90m {Reborn, Taunt}[39m
[2] [33mInvincible[39m[92m [5 / 1][39m
-------------

--- Player 2 (Dreadlich Tamsin)'s Hand ---
([id] [36m{Cost}[39m[1m Name[22m[92m [attack / health][39m[33m (type)[39m)

[1] [36m{1} [39m[1m[90mWicked Shipment[39m[22m ([1mT[22m[1mr[22m[1ma[22m[1md[22m[1me[22m[1ma[22m[1mb[22m[1ml[22m[1me[22m[1m.[22m[0m [0mSummon 2 1/1 Imps. (Upgrades by 2 when [1mT[22m[1mr[22m[1ma[22m[1md[22m[1me[22m[1md[22m[0m![0m)) [33m(Spell)[39m
[2] [36m{1} [39m[1m[90mWicked Shipment[39m[22m ([1mT[22m[1mr[22m[1ma[22m[1md[22m[1me[22m[1ma[22m[1mb[22m[1ml[22m[1me[22m[1m.[22m[0m [0mSummon 2 1/1 Imps. (Upgrades by 2 when [1mT[22m[1mr[22m[1ma[22m[1md[22m[1me[22m[1md[22m[0m![0m)) [33m(Spell)[39m
------------
c|-----------------------------|
|        HEARTHSTONE.JS       |
|-----------------------------|

[90mYour side  :                              | Your opponent's side[39m
Mana       : [36m9[39m / [36m10[39m                       | Mana       : [36m0[39m / [36m10[39m
Health     : [31m14[39m ([90m0[39m) / [31m30[39m                  | Health     : [31m30[39m ([90m5[39m) / [31m30[39m
Deck Size  : [33m1[39m                            | Deck Size  : [33m11[39m

--- Board ---
--- You ---
[1] [1m[90mSelfish Shellfish[39m[22m[92m [7 / 2][39m
--- Opponent ---
[1] [33mInvincible[39m[92m [15 / 6][39m[90m {Reborn, Taunt}[39m
[2] [33mInvincible[39m[92m [5 / 1][39m
-------------

--- Player 2 (Dreadlich Tamsin)'s Hand ---
([id] [36m{Cost}[39m[1m Name[22m[92m [attack / health][39m[33m (type)[39m)

[1] [36m{1} [39m[1m[90mWicked Shipment[39m[22m ([1mT[22m[1mr[22m[1ma[22m[1md[22m[1me[22m[1ma[22m[1mb[22m[1ml[22m[1me[22m[1m.[22m[0m [0mSummon 2 1/1 Imps. (Upgrades by 2 when [1mT[22m[1mr[22m[1ma[22m[1md[22m[1me[22m[1md[22m[0m![0m)) [33m(Spell)[39m
------------
c|-----------------------------|
|        HEARTHSTONE.JS       |
|-----------------------------|

[90mYour side  :                              | Your opponent's side[39m
Mana       : [36m10[39m / [36m10[39m                      | Mana       : [36m6[39m / [36m10[39m
Health     : [31m30[39m ([90m5[39m) / [31m30[39m                  | Health     : [31m14[39m ([90m0[39m) / [31m30[39m
Deck Size  : [33m8[39m                            | Deck Size  : [33m1[39m

--- Board ---
--- Opponent ---
[90m(None)[39m
--- You ---
[1] [33mInvincible[39m[92m [5 / 1][39m
[2] [33mInvincible[39m[92m [10 / 4][39m[90m {Taunt}[39m
-------------

--- Player 1 (Warrior)'s Hand ---
([id] [36m{Cost}[39m[1m Name[22m[92m [attack / health][39m[33m (type)[39m)

[1] [36m{8} [39m[33mKel'Thuzad[39m[92m [6 / 8][39m (At the end of each turn, summon all friendly minions that died this turn.) [33m(Minion)[39m
[2] [36m{9} [39m[33mRattlegore[39m[92m [9 / 9][39m (Deathrattle: Resummon this with -1/-1.) [33m(Minion)[39m
[3] [36m{4} [39m[1m[95mRancor[39m[22m (Deal 2 damage to all minions. Gain 2 Armor for each destroyed.) [33m(Spell)[39m
[4] [36m{8} [39m[33mWoecleaver[39m[92m [3 / 3][39m (After your hero attacks, Recruit a minion.) [33m(Weapon)[39m
[5] [36m{8} [39m[33mRotface[39m[92m [4 / 6][39m (After this minion survives damage, summon a random Legendary minion.) [33m(Minion)[39m
[6] [36m{4} [39m[1m[90mBarricade[39m[22m (Summon a 2/4 Guard with Taunt. If it's your only minion, summon another.) [33m(Spell)[39m
[7] [36m{4} [39m[1m[90mBarricade[39m[22m (Summon a 2/4 Guard with Taunt. If it's your only minion, summon another.) [33m(Spell)[39m
[8] [36m{6} [39m[1m[34mCowardly Grunt[39m[22m[92m [6 / 2][39m (Deathrattle: Summon a minion from your deck.) [33m(Minion)[39m
[9] [36m{4} [39m[1m[95mRancor[39m[22m (Deal 2 damage to all minions. Gain 2 Armor for each destroyed.) [33m(Spell)[39m
[10] [36m{0} [39m[1m[95mProvoke[39m[22m (Tradeable. Choose a friendly minion. Enemy minions attack it.) [33m(Spell)[39m
------------
c|-----------------------------|
|        HEARTHSTONE.JS       |
|-----------------------------|

AI Info:

AI1 History: {
1 mulligan (T3): (23,(Tamsin Roame:7.550000000000001, Grimoire of Sacrifice:-5.95, Plague of Flames:2.05)),
2 calcMove: (Touch of the Nathrezim,1.05),
3 selectTarget: (null),
4 calcMove: (end),
5 calcMove: (Touch of the Nathrezim,1.05),
6 selectTarget: (null),
7 calcMove: (hero power),
8 calcMove: (end),
9 calcMove: (Tamsin Roame,7.550000000000001),
10 calcMove: (end),
11 calcMove: (Plague of Flames,2.05),
12 calcMove: (Touch of the Nathrezim,1.05),
13 selectTarget: (null),
14 calcMove: (Defile,-0.7),
15 calcMove: (end),
16 calcMove: (Touch of the Nathrezim,1.05),
17 selectTarget: (null),
18 calcMove: (Explosive Sheep,-2.1),
19 calcMove: (hero power),
20 calcMove: (Grimoire of Sacrifice,-5.95),
21 selectTarget: (null),
22 calcMove: (end),
23 calcMove: (Touch of the Nathrezim,1.05),
24 selectTarget: (null),
25 calcMove: (Dreadlich Tamsin,0.2999999999999998),
26 calcMove: (end),
27 calcMove: (Plague of Flames,2.05),
28 calcMove: (Devourer of Souls,2.05),
29 calcMove: (Tour Guide,1.65),
30 calcMove: (Tour Guide,1.65),
31 calcMove: (Touch of the Nathrezim,1.05),
32 selectTarget: (null),
33 calcMove: (Grimoire of Sacrifice,-5.95),
34 selectTarget: (null),
35 calcMove: (hero power),
36 calcMove: (Wicked Shipment,6.05),
37 yesNoQuestion: (Would you like to trade [1m[90mWicked Shipment[39m[22m for a random card in your deck?,N),
38 calcMove: (Armor Vendor,3.05),
39 calcMove: (end),
40 calcMove: (Touch of the Nathrezim,1.05),
41 selectTarget: (null),
42 calcMove: (Backfire,0.55),
43 calcMove: (Wicked Shipment,6.05),
44 yesNoQuestion: (Would you like to trade [1m[90mWicked Shipment[39m[22m for a random card in your deck?,N),
45 calcMove: (Mistress of Mixtures,2.05),
46 calcMove: (Mistress of Mixtures,2.05),
47 calcMove: (Kobold Librarian,1.85),
48 calcMove: (Grimoire of Sacrifice,-5.95),
49 selectTarget: (null),
50 calcMove: (attack),
51 attack: (Devourer of Souls,Player 1),
52 calcMove: (end),
53 calcMove: (Wicked Shipment,6.05),
54 yesNoQuestion: (Would you like to trade [1m[90mWicked Shipment[39m[22m for a random card in your deck?,N),
55 calcMove: (Wicked Shipment,6.05),
56 yesNoQuestion: (Would you like to trade [1m[90mWicked Shipment[39m[22m for a random card in your deck?,N),
57 calcMove: (Kobold Librarian,1.85),
58 calcMove: (Touch of the Nathrezim,1.05),
59 selectTarget: (The Lich King,5.199999999999999),
60 calcMove: (Touch of the Nathrezim,1.05),
61 selectTarget: (The Lich King,4.800000000000001),
62 calcMove: (Drain Soul,-1.7000000000000002),
63 selectTarget: (The Lich King,4.4),
64 calcMove: (Grimoire of Sacrifice,-5.95),
65 selectTarget: (The Lich King,3.8),
66 calcMove: (attack),
67 attack: (Dread Imp,Player 1),
68 calcMove: (attack),
69 attack: (Kobold Librarian,Player 1),
70 calcMove: (attack),
71 attack: (Mistress of Mixtures,Player 1),
72 calcMove: (attack),
73 attack: (Mistress of Mixtures,Player 1),
74 calcMove: (attack),
75 attack: (Devourer of Souls,Player 1),
76 calcMove: (end),
77 calcMove: (Armor Vendor,3.05),
78 calcMove: (Explosive Sheep,-2.1),
79 calcMove: (Selfish Shellfish,-2.1999999999999997),
80 calcMove: (hero power),
81 calcMove: (attack),
82 attack: (Dread Imp,Player 1),
83 calcMove: (attack),
84 attack: (Dread Imp,Player 1),
85 calcMove: (attack),
86 attack: (Mistress of Mixtures,Player 1),
87 calcMove: (attack),
88 attack: (Mistress of Mixtures,Player 1),
89 calcMove: (end),
90 calcMove: (Backfire,0.55),
91 calcMove: (Wicked Shipment,6.05),
92 yesNoQuestion: (Would you like to trade [1m[90mWicked Shipment[39m[22m for a random card in your deck?,N),
93 calcMove: (Tamsins Phylactery,1.7999999999999998),
94 discover: (Explosive Sheep,-2.1),
95 calcMove: (Defile,-0.7),
96 calcMove: (end),
97 calcMove: (Wicked Shipment,6.05),
98 yesNoQuestion: (Would you like to trade [1m[90mWicked Shipment[39m[22m for a random card in your deck?,N),
99 calcMove: (Wicked Shipment,6.05),
100 yesNoQuestion: (Would you like to trade [1m[90mWicked Shipment[39m[22m for a random card in your deck?,N),
101 calcMove: (Drain Soul,-1.7000000000000002),
102 selectTarget: (Flesh Behemoth,4.65),
103 calcMove: (Selfish Shellfish,-2.1999999999999997),
104 calcMove: (Grimoire of Sacrifice,-5.95),
105 selectTarget: (Flesh Behemoth,4.05),
106 calcMove: (end),
107 calcMove: (Wicked Shipment,6.05),
108 yesNoQuestion: (Would you like to trade [1m[90mWicked Shipment[39m[22m for a random card in your deck?,N),
109 calcMove: (Wicked Shipment,6.05),
110 yesNoQuestion: (Would you like to trade [1m[90mWicked Shipment[39m[22m for a random card in your deck?,N),
111 calcMove: (hero power),
112 calcMove: (attack),
113 attack: (Selfish Shellfish,Invincible),
114 calcMove: (end),
}
AI2 History: {
1 mulligan (T3): (1234,(Frozen Buckler:2.3, Frozen Buckler:2.3, Bash:-0.7, Gather Your Party:-2.7)),
2 calcMove: (Provoke,5.3),
3 yesNoQuestion: (Would you like to trade [1m[95mProvoke[39m[22m for a random card in your deck?,N),
4 calcMove: (The Coin,4.8),
5 calcMove: (end),
6 calcMove: (Embers of Strength,3.3),
7 calcMove: (end),
8 calcMove: (Frozen Buckler,2.3),
9 calcMove: (Shield Shatter,0.8),
10 calcMove: (end),
11 calcMove: (Bash,-0.7),
12 selectTarget: (P1),
13 calcMove: (hero power),
14 calcMove: (end),
15 calcMove: (Brawl,-10.95),
16 calcMove: (end),
17 calcMove: (Provoke,5.3),
18 yesNoQuestion: (Would you like to trade [1m[95mProvoke[39m[22m for a random card in your deck?,N),
19 calcMove: (Brawl,-10.95),
20 calcMove: (hero power),
21 calcMove: (end),
22 calcMove: (Brawl,-10.95),
23 calcMove: (hero power),
24 calcMove: (end),
25 calcMove: (The Lich King,5.199999999999999),
26 calcMove: (end),
27 calcMove: (Provoke,5.3),
28 yesNoQuestion: (Would you like to trade [1m[95mProvoke[39m[22m for a random card in your deck?,N),
29 calcMove: (The Lich King's Coil,3.3),
30 selectTarget: (Devourer of Souls,2.05),
31 calcMove: (Bladestorm,-2.45),
32 calcMove: (hero power),
33 calcMove: (end),
34 calcMove: (Flesh Behemoth,4.65),
35 calcMove: (end),
36 calcMove: (Flesh Behemoth,4.65),
37 calcMove: (attack),
38 attack: (Invincible,Player 2),
39 calcMove: (end),
40 calcMove: (Invincible,4),
41 calcMove: (Shield Shatter,0.8),
42 calcMove: (hero power),
43 calcMove: (attack),
44 attack: (Invincible,Player 2),
45 calcMove: (end),
46 calcMove: (Provoke,5.3),
47 yesNoQuestion: (Would you like to trade [1m[95mProvoke[39m[22m for a random card in your deck?,N),
48 calcMove: (Cowardly Grunt,0.10000000000000009),
49 calcMove: (hero power),
50 calcMove: (attack),
51 attack: (Invincible,Player 2),
52 calcMove: (attack),
53 attack: (Invincible,Player 2),
}
c|-----------------------------|
|        HEARTHSTONE.JS       |
|-----------------------------|

c|-----------------------------|
|        HEARTHSTONE.JS       |
|-----------------------------|

c|-----------------------------|
|        HEARTHSTONE.JS       |
|-----------------------------|

[90mYour side  :                              | Your opponent's side[39m
Mana       : [36m2[39m / [36m9[39m                        | Mana       : [36m0[39m / [36m8[39m
Health     : [31m19[39m ([90m0[39m) / [31m30[39m                  | Health     : [31m29[39m ([90m0[39m) / [31m30[39m
Deck Size  : [33m15[39m                           | Deck Size  : [33m16[39m

--- Board ---
--- You ---
[1] [1m[90mKnight of the Dead[39m[22m[92m [5 / 2][39m
[2] [1m[90mLightray[39m[22m[92m [5 / 5][39m[90m {Taunt}[39m
[3] [1m[34mGoldwing[39m[22m[92m [5 / 7][39m[90m {Rush, Windfury}[39m
[4] [33mThe Countess[39m[92m [7 / 7][39m
[5] [1m[90mCarousel Gryphon[39m[22m[92m [8 / 8][39m[90m {Divine Shield, Taunt}[39m[90m (Sleepy)[39m
--- Opponent ---
[1] [33mInvincible[39m[92m [5 / 5][39m[90m {Reborn}[39m
[2] [1m[34mSludge Belcher[39m[22m[92m [3 / 5][39m[90m {Taunt}[39m
-------------

--- Player 1 (Paladin)'s Hand ---
([id] [36m{Cost}[39m[1m Name[22m[92m [attack / health][39m[33m (type)[39m)

[1] [36m{7} [39m[33mThe Leviathan[39m[92m [5 / 6][39m ([1mC[22m[1mo[22m[1ml[22m[1mo[22m[1ms[22m[1ms[22m[1ma[22m[1ml[22m[1m [22m[1m+[22m[1m1[22m[1m.[22m[1m [22m[1mR[22m[1mu[22m[1ms[22m[1mh[22m[1m,[22m[1m [22m[1mD[22m[1mi[22m[1mv[22m[1mi[22m[1mn[22m[1me[22m[1m [22m[1mS[22m[1mh[22m[1mi[22m[1me[22m[1ml[22m[1md[22m[0m.[0m After this attacks, [1mD[22m[1mr[22m[1me[22m[1md[22m[1mg[22m[1me[22m[0m.[0m) [33m(Minion)[39m
[2] [36m{7} [39m[33mAnachronos[39m[92m [8 / 8][39m ([1mB[22m[1ma[22m[1mt[22m[1mt[22m[1ml[22m[1me[22m[1mc[22m[1mr[22m[1my[22m[1m:[22m[1m [22m[0mS[0mend all other minions 2 turns into the future.) [33m(Minion)[39m
[3] [36m{9} [39m[33mN'Zoth, God of the Deep[39m[92m [5 / 7][39m ([1mB[22m[1ma[22m[1mt[22m[1mt[22m[1ml[22m[1me[22m[1mc[22m[1mr[22m[1my[22m[1m:[22m[0m [0mResurrect a friendly minion of each minion type.) [33m(Minion)[39m
[4] [36m{2} [39m[1mLegendary Invitation[22m ([1mD[22m[1mi[22m[1ms[22m[1mc[22m[1mo[22m[1mv[22m[1me[22m[1mr[22m[0m [0ma [1mL[22m[1me[22m[1mg[22m[1me[22m[1mn[22m[1md[22m[1ma[22m[1mr[22m[1my[22m[0m [0mminion from another class. It costs (0).) [33m(Spell)[39m
[5] [36m{2} [39m[1mLegendary Invitation[22m ([1mD[22m[1mi[22m[1ms[22m[1mc[22m[1mo[22m[1mv[22m[1me[22m[1mr[22m[0m [0ma [1mL[22m[1me[22m[1mg[22m[1me[22m[1mn[22m[1md[22m[1ma[22m[1mr[22m[1my[22m[0m [0mminion from another class. It costs (0).) [33m(Spell)[39m
[6] [36m{5} [39m[33mThe Purator[39m[92m [4 / 6][39m ([1mT[22m[1ma[22m[1mu[22m[1mn[22m[1mt[22m[1m.[22m[1m [22m[1mB[22m[1ma[22m[1mt[22m[1mt[22m[1ml[22m[1me[22m[1mc[22m[1mr[22m[1my[22m[1m:[22m[1m [22m[0mI[0mf your deck has no Neutral cards, draw a minion of each minion type.) [33m(Minion)[39m
------------
AI Info:

AI1 History: {
1 mulligan (T3): (12,(Carousel Gryphon:0.25, Stonehearth Vindicator:-0.44999999999999996, Knight of the Dead:3.75)),
2 calcMove: (end),
3 calcMove: (hero power),
4 calcMove: (end),
5 calcMove: (Alliance Bannerman,5.55),
6 calcMove: (end),
7 calcMove: (Alliance Bannerman,5.55),
8 calcMove: (attack),
9 attack: (Alliance Bannerman,Player 2),
10 calcMove: (end),
11 calcMove: (Knight of the Dead,4.550000000000001),
12 calcMove: (hero power),
13 calcMove: (attack),
14 attack: (Alliance Bannerman,Player 2),
15 calcMove: (attack),
16 attack: (Alliance Bannerman,Player 2),
17 calcMove: (end),
18 calcMove: (Knight of the Dead,3.75),
19 calcMove: (Stonehearth Vindicator,0.3500000000000001),
20 calcMove: (Order in the Court,5.8),
21 calcMove: (attack),
22 trade: (Knight of the Dead,Feugen),
23 calcMove: (end),
24 calcMove: (Lightray,7.800000000000001),
25 calcMove: (Lightray,7),
26 calcMove: (Goldwing,3.4000000000000004),
27 calcMove: (hero power),
28 calcMove: (attack),
29 attack: (Stonehearth Vindicator,Rotten Applebaum),
30 calcMove: (attack),
31 attack: (Knight of the Dead,Player 2),
32 calcMove: (attack),
33 attack: (,Player 2),
34 calcMove: (end),
35 calcMove: (The Countess,4.550000000000001),
36 calcMove: (attack),
37 attack: (Silver Hand Recruit,Khartut Defender),
38 calcMove: (attack),
39 attack: (Knight of the Dead,Khartut Defender),
40 calcMove: (attack),
41 attack: (,Khartut Defender),
42 calcMove: (end),
43 calcMove: (Carousel Gryphon Corrupted,5.45),
44 calcMove: (Legendary Invitation,0.30000000000000004),
45 discover: (Grumble Worldshaker,2.3000000000000007),
}
AI2 History: {
1 mulligan (T3): (12,(Sludge Belcher:0.8500000000000001, Felscream Blast:-0.95, Khartut Defender:3.9000000000000004, Unleash Fel:4.05)),
2 calcMove: (The Coin,4.8),
3 calcMove: (Unleash Fel,4.05),
4 calcMove: (hero power),
5 calcMove: (end),
6 calcMove: (Immolation Aura,0.30000000000000004),
7 calcMove: (end),
8 calcMove: (Abyssal Depths,2.55),
9 calcMove: (end),
10 calcMove: (Vanndar Stormpike,2.5999999999999996),
11 calcMove: (end),
12 calcMove: (Feugen,3.7),
13 calcMove: (Immolation Aura,0.30000000000000004),
14 calcMove: (hero power),
15 calcMove: (attack),
16 attack: (Vanndar Stormpike,Knight of the Dead),
17 calcMove: (end),
18 calcMove: (Rotten Applebaum,5.3),
19 calcMove: (hero power),
20 calcMove: (end),
21 calcMove: (Khartut Defender,3.9000000000000004),
22 calcMove: (hero power),
23 calcMove: (end),
24 calcMove: (Invincible,6.25),
25 calcMove: (Sludge Belcher,3.1),
26 calcMove: (hero power),
27 calcMove: (attack),
28 attack: (Khartut Defender,Lightray),
29 calcMove: (end),
}
[33m
WARNING: The history feature is not perfect. Things will be out of order. Sorry about that.[39m

Turn 2 - Player [Player 2]
CardsDrawn: Hidden
CardsPlayed: The Coin
CardsPlayed: Unleash Fel
DamageTaken: Player 1, 1
HeroPowers: Demon Hunter

Turn 3 - Player [Player 1]
CardsDrawn: Lightray
MinionsSummoned: Silver Hand Recruit
HeroPowers: Paladin

Turn 4 - Player [Player 2]
CardsDrawn: Hidden
CardsPlayed: Immolation Aura
MinionsDamaged: Silver Hand Recruit, 1
MinionsKilled: Silver Hand Recruit
MinionsDamaged: Silver Hand Recruit, 1

Turn 5 - Player [Player 1]
CardsDrawn: Stonehearth Vindicator
CardsPlayed: Alliance Bannerman
CardsDrawn: Carousel Gryphon

Turn 6 - Player [Player 2]
CardsDrawn: Hidden
CardsPlayed: Abyssal Depths
CardsDrawn: Hidden
CardsDrawn: Hidden

Turn 7 - Player [Player 1]
CardsDrawn: Alliance Bannerman
CardsPlayed: Alliance Bannerman
CardsDrawn: The Leviathan
DamageTaken: Player 2, 2
EnemyAttacks: Alliance Bannerman, Player 2

Turn 8 - Player [Player 2]
CardsDrawn: Hidden
CardsPlayed: Vanndar Stormpike

Turn 9 - Player [Player 1]
CardsDrawn: Knight of the Dead
CardsPlayed: Knight of the Dead
DamageTaken: Player 1, 5
MinionsSummoned: Silver Hand Recruit
HeroPowers: Paladin
DamageTaken: Player 2, 2
EnemyAttacks: Alliance Bannerman, Player 2
DamageTaken: Player 2, 2
EnemyAttacks: Alliance Bannerman, Player 2

Turn 10 - Player [Player 2]
CardsDrawn: Hidden
CardsPlayed: Feugen
CardsPlayed: Immolation Aura
MinionsDamaged: Alliance Bannerman, 1
MinionsDamaged: Alliance Bannerman, 1
MinionsDamaged: Knight of the Dead, 1
MinionsDamaged: Silver Hand Recruit, 1
MinionsKilled: Silver Hand Recruit
MinionsDamaged: Vanndar Stormpike, 1
MinionsDamaged: Feugen, 1
MinionsDamaged: Alliance Bannerman, 1
MinionsKilled: Alliance Bannerman
MinionsDamaged: Alliance Bannerman, 1
MinionsKilled: Alliance Bannerman
MinionsDamaged: Knight of the Dead, 1
MinionsDamaged: Vanndar Stormpike, 1
MinionsDamaged: Feugen, 1
HeroPowers: Demon Hunter
MinionsDamaged: Vanndar Stormpike, 7
MinionsDamaged: Knight of the Dead, 4
EnemyAttacks: Vanndar Stormpike, Knight of the Dead
MinionsKilled: Vanndar Stormpike

Turn 11 - Player [Player 1]
CardsDrawn: Anachronos
CardsPlayed: Knight of the Dead
DamageTaken: Player 1, 5
CardsPlayed: Stonehearth Vindicator
CardsDrawn: Order in the Court
CardsPlayed: Order in the Court
CardsDrawn: N'Zoth, God of the Deep
MinionsDamaged: Knight of the Dead, 4
MinionsDamaged: Feugen, 7
EnemyAttacks: Knight of the Dead, Feugen
MinionsKilled: Knight of the Dead
MinionsKilled: Feugen

Turn 12 - Player [Player 2]
CardsDrawn: Hidden
CardsPlayed: Rotten Applebaum
HeroPowers: Demon Hunter

Turn 13 - Player [Player 1]
CardsDrawn: Lightray
CardsPlayed: Lightray
CardsPlayed: Lightray
CardsPlayed: Goldwing
MinionsSummoned: Silver Hand Recruit
HeroPowers: Paladin
MinionsDamaged: Stonehearth Vindicator, 4
MinionsDamaged: Rotten Applebaum, 5
EnemyAttacks: Stonehearth Vindicator, Rotten Applebaum
MinionsKilled: Stonehearth Vindicator
MinionsKilled: Rotten Applebaum
DamageTaken: Player 2, 5
EnemyAttacks: Knight of the Dead, Player 2

Turn 14 - Player [Player 2]
CardsDrawn: Hidden
CardsPlayed: Khartut Defender
HeroPowers: Demon Hunter

Turn 15 - Player [Player 1]
CardsDrawn: The Countess
CardsPlayed: The Countess
CardsAddedToHand: Legendary Invitation
CardsAddedToHand: Legendary Invitation
CardsAddedToHand: Legendary Invitation
MinionsDamaged: Silver Hand Recruit, 3
MinionsDamaged: Khartut Defender, 1
EnemyAttacks: Silver Hand Recruit, Khartut Defender
MinionsKilled: Silver Hand Recruit
MinionsDamaged: Knight of the Dead, 3
MinionsDamaged: Khartut Defender, 5
EnemyAttacks: Knight of the Dead, Khartut Defender
MinionsKilled: Khartut Defender

Turn 16 - Player [Player 2]
CardsDrawn: Hidden
CardsPlayed: Invincible
CardsPlayed: Sludge Belcher
HeroPowers: Demon Hunter
MinionsDamaged: Khartut Defender, 7
MinionsDamaged: Lightray, 8
EnemyAttacks: Khartut Defender, Lightray
MinionsKilled: Lightray
MinionsKilled: Khartut Defender

Turn 17 - Player [Player 1]
CardsDrawn: The Purator
CardsPlayed: Carousel Gryphon
CardsPlayed: Legendary Invitation
